-- Logs begin at Thu 2023-05-18 05:16:06 UTC, end at Fri 2023-06-02 02:32:21 UTC. --
Jun 02 02:21:32 SmallProjectCOP4331 kernel:  out_of_memory+0x1cf/0x500
Jun 02 02:21:32 SmallProjectCOP4331 kernel:  __alloc_pages_slowpath+0xdde/0xeb0
Jun 02 02:21:32 SmallProjectCOP4331 kernel:  ? __memcg_kmem_charge_memcg+0x87/0xc0
Jun 02 02:21:32 SmallProjectCOP4331 kernel:  __alloc_pages_nodemask+0x2d0/0x320
Jun 02 02:21:32 SmallProjectCOP4331 kernel:  alloc_pages_vma+0x7f/0x220
Jun 02 02:21:32 SmallProjectCOP4331 kernel:  do_anonymous_page+0x118/0x650
Jun 02 02:21:32 SmallProjectCOP4331 kernel:  __handle_mm_fault+0x760/0x7a0
Jun 02 02:21:32 SmallProjectCOP4331 kernel:  handle_mm_fault+0xca/0x200
Jun 02 02:21:32 SmallProjectCOP4331 kernel:  do_user_addr_fault+0x1f9/0x450
Jun 02 02:21:32 SmallProjectCOP4331 kernel:  __do_page_fault+0x58/0x90
Jun 02 02:21:32 SmallProjectCOP4331 kernel:  do_page_fault+0x2c/0xe0
Jun 02 02:21:32 SmallProjectCOP4331 kernel:  do_async_page_fault+0x39/0x70
Jun 02 02:21:32 SmallProjectCOP4331 kernel:  async_page_fault+0x34/0x40
Jun 02 02:21:32 SmallProjectCOP4331 kernel: RIP: 0033:0x7f00084a4bfb
Jun 02 02:21:32 SmallProjectCOP4331 kernel: Code: 47 20 c5 fe 7f 44 17 c0 c5 fe 7f 47 40 c5 fe 7f 44 17 a0 c5 fe 7f 47 60 c5 fe 7f 44 17 80 48 01 fa 48 83 e2 80 48 39 d1 74 ba <c5> fd 7f 01 c5 fd 7f 41 20 c5 fd 7f 41 40 c5 fd 7f 41 60 48 81 c1
Jun 02 02:21:32 SmallProjectCOP4331 kernel: RSP: 002b:00007ffd1f1e38c8 EFLAGS: 00010206
Jun 02 02:21:32 SmallProjectCOP4331 kernel: RAX: 00007f0000e2c040 RBX: 000055fa65988980 RCX: 00007f000165f000
Jun 02 02:21:32 SmallProjectCOP4331 kernel: RDX: 00007f00017f0000 RSI: 0000000000000000 RDI: 00007f0000e2c040
Jun 02 02:21:32 SmallProjectCOP4331 kernel: RBP: 00007ffd1f1e3900 R08: 00007f0000e2c040 R09: 0000000000000000
Jun 02 02:21:32 SmallProjectCOP4331 kernel: R10: 0000000000000022 R11: 0000000000000246 R12: 00000000009c4000
Jun 02 02:21:32 SmallProjectCOP4331 kernel: R13: 0000000000000020 R14: 0000000000000020 R15: 00000000009c4000
Jun 02 02:21:32 SmallProjectCOP4331 kernel: Mem-Info:
Jun 02 02:21:32 SmallProjectCOP4331 kernel: active_anon:200095 inactive_anon:687 isolated_anon:0
                                             active_file:22 inactive_file:20 isolated_file:0
                                             unevictable:4640 dirty:4 writeback:0 unstable:0
                                             slab_reclaimable:5995 slab_unreclaimable:12183
                                             mapped:2706 shmem:900 pagetables:2994 bounce:0
                                             free:12126 free_pcp:62 free_cma:0
Jun 02 02:21:32 SmallProjectCOP4331 kernel: Node 0 active_anon:800380kB inactive_anon:2748kB active_file:88kB inactive_file:80kB unevictable:18560kB isolated(anon):0kB isolated(file):0kB mapped:10824kB dirty:16kB writeback:0kB shmem:3600kB shmem_thp: 0kB shmem_pmdmapped: 0kB anon_thp: 0kB writeback_tmp:0kB unstable:0kB all_unreclaimable? no
Jun 02 02:21:32 SmallProjectCOP4331 kernel: Node 0 DMA free:4440kB min:740kB low:924kB high:1108kB active_anon:10212kB inactive_anon:0kB active_file:0kB inactive_file:0kB unevictable:0kB writepending:0kB present:15992kB managed:15908kB mlocked:0kB kernel_stack:160kB pagetables:176kB bounce:0kB free_pcp:0kB local_pcp:0kB free_cma:0kB
Jun 02 02:21:32 SmallProjectCOP4331 kernel: lowmem_reserve[]: 0 927 927 927 927
Jun 02 02:21:32 SmallProjectCOP4331 kernel: Node 0 DMA32 free:44064kB min:44312kB low:55388kB high:66464kB active_anon:790156kB inactive_anon:2748kB active_file:88kB inactive_file:80kB unevictable:18560kB writepending:0kB present:1032032kB managed:984348kB mlocked:18560kB kernel_stack:4640kB pagetables:11800kB bounce:0kB free_pcp:248kB local_pcp:248kB free_cma:0kB
Jun 02 02:21:32 SmallProjectCOP4331 kernel: lowmem_reserve[]: 0 0 0 0 0
Jun 02 02:21:32 SmallProjectCOP4331 kernel: Node 0 DMA: 8*4kB (UME) 5*8kB (UE) 7*16kB (UME) 9*32kB (UME) 2*64kB (UE) 4*128kB (ME) 1*256kB (U) 2*512kB (ME) 2*1024kB (ME) 0*2048kB 0*4096kB = 4440kB
Jun 02 02:21:32 SmallProjectCOP4331 kernel: Node 0 DMA32: 352*4kB (UMEH) 436*8kB (UEH) 192*16kB (UMEH) 88*32kB (UEH) 120*64kB (UMEH) 58*128kB (UME) 11*256kB (UME) 6*512kB (UM) 0*1024kB 4*2048kB (M) 1*4096kB (M) = 44064kB
Jun 02 02:21:32 SmallProjectCOP4331 kernel: Node 0 hugepages_total=0 hugepages_free=0 hugepages_surp=0 hugepages_size=1048576kB
Jun 02 02:21:32 SmallProjectCOP4331 kernel: Node 0 hugepages_total=0 hugepages_free=0 hugepages_surp=0 hugepages_size=2048kB
Jun 02 02:21:32 SmallProjectCOP4331 kernel: 3006 total pagecache pages
Jun 02 02:21:32 SmallProjectCOP4331 kernel: 0 pages in swap cache
Jun 02 02:21:32 SmallProjectCOP4331 kernel: Swap cache stats: add 0, delete 0, find 0/0
Jun 02 02:21:32 SmallProjectCOP4331 kernel: Free swap  = 0kB
Jun 02 02:21:32 SmallProjectCOP4331 kernel: Total swap = 0kB
Jun 02 02:21:32 SmallProjectCOP4331 kernel: 262006 pages RAM
Jun 02 02:21:32 SmallProjectCOP4331 kernel: 0 pages HighMem/MovableOnly
Jun 02 02:21:32 SmallProjectCOP4331 kernel: 11942 pages reserved
Jun 02 02:21:32 SmallProjectCOP4331 kernel: 0 pages cma reserved
Jun 02 02:21:32 SmallProjectCOP4331 kernel: 0 pages hwpoisoned
Jun 02 02:21:32 SmallProjectCOP4331 kernel: Tasks state (memory values in pages):
Jun 02 02:21:32 SmallProjectCOP4331 kernel: [  pid  ]   uid  tgid total_vm      rss pgtables_bytes swapents oom_score_adj name
Jun 02 02:21:32 SmallProjectCOP4331 kernel: [    337]     0   337    21291      936   184320        0          -250 systemd-journal
Jun 02 02:21:32 SmallProjectCOP4331 kernel: [    359]     0   359      622      144    45056        0             0 none
Jun 02 02:21:32 SmallProjectCOP4331 kernel: [    520]     0   520    70056     4506    94208        0         -1000 multipathd
Jun 02 02:21:32 SmallProjectCOP4331 kernel: [    556]   102   556    22786      647    81920        0             0 systemd-timesyn
Jun 02 02:21:32 SmallProjectCOP4331 kernel: [    616]   100   616     4834      722    77824        0             0 systemd-network
Jun 02 02:21:32 SmallProjectCOP4331 kernel: [    635]   101   635     6242     1678    94208        0             0 systemd-resolve
Jun 02 02:21:32 SmallProjectCOP4331 kernel: [    659]     0   659     5101      915    61440        0         -1000 systemd-udevd
Jun 02 02:21:32 SmallProjectCOP4331 kernel: [    723]     0   723    60236      410   102400        0             0 accounts-daemon
Jun 02 02:21:32 SmallProjectCOP4331 kernel: [    727]     0   727     2141      491    57344        0             0 cron
Jun 02 02:21:32 SmallProjectCOP4331 kernel: [    728]   103   728     1896      666    61440        0          -900 dbus-daemon
Jun 02 02:21:32 SmallProjectCOP4331 kernel: [    732]     0   732   324789      192   159744        0          -900 droplet-agent
Jun 02 02:21:32 SmallProjectCOP4331 kernel: [    741]     0   741     7471     2793    90112        0             0 networkd-dispat
Jun 02 02:21:32 SmallProjectCOP4331 kernel: [    743]     0   743    59083      897    98304        0             0 polkitd
Jun 02 02:21:32 SmallProjectCOP4331 kernel: [    745]   104   745    56086      402    77824        0             0 rsyslogd
Jun 02 02:21:32 SmallProjectCOP4331 kernel: [    750]     0   750   181953     3783   217088        0          -900 snapd
Jun 02 02:21:32 SmallProjectCOP4331 kernel: [    752]     0   752     4403      362    77824        0             0 systemd-logind
Jun 02 02:21:32 SmallProjectCOP4331 kernel: [    754]     0   754    98935      938   126976        0             0 udisksd
Jun 02 02:21:32 SmallProjectCOP4331 kernel: [    755]     0   755      955      529    45056        0             0 atd
Jun 02 02:21:32 SmallProjectCOP4331 kernel: [    756]     0   756    99344     2967   126976        0             0 f2b/server
Jun 02 02:21:32 SmallProjectCOP4331 kernel: [    776]     0   776     1838      440    53248        0             0 agetty
Jun 02 02:21:32 SmallProjectCOP4331 kernel: [    781]     0   781     1457      361    53248        0             0 agetty
Jun 02 02:21:32 SmallProjectCOP4331 kernel: [    815]     0   815     3050      717    61440        0         -1000 sshd
Jun 02 02:21:32 SmallProjectCOP4331 kernel: [    835]     0   835    79710      843   126976        0             0 ModemManager
Jun 02 02:21:32 SmallProjectCOP4331 kernel: [    852]     0   852    27094     2661   110592        0             0 unattended-upgr
Jun 02 02:21:32 SmallProjectCOP4331 kernel: [    855]     0   855    59707     2281   147456        0             0 apache2
Jun 02 02:21:32 SmallProjectCOP4331 kernel: [    876]    33   876    59820     1647   118784        0             0 apache2
Jun 02 02:21:32 SmallProjectCOP4331 kernel: [    877]    33   877    59817     1595   118784        0             0 apache2
Jun 02 02:21:32 SmallProjectCOP4331 kernel: [    878]    33   878    59808     1567   118784        0             0 apache2
Jun 02 02:21:32 SmallProjectCOP4331 kernel: [    881]    33   881    59808     1567   118784        0             0 apache2
Jun 02 02:21:32 SmallProjectCOP4331 kernel: [    882]    33   882    59808     1567   118784        0             0 apache2
Jun 02 02:21:32 SmallProjectCOP4331 kernel: [   1668]     0  1668     9517      268    61440        0             0 master
Jun 02 02:21:32 SmallProjectCOP4331 kernel: [   1671]   114  1671     9584      553    69632        0             0 pickup
Jun 02 02:21:32 SmallProjectCOP4331 kernel: [   1672]   114  1672     9597      530    69632        0             0 qmgr
Jun 02 02:21:32 SmallProjectCOP4331 kernel: [   1694]     0  1694     4835      919    81920        0             0 systemd
Jun 02 02:21:32 SmallProjectCOP4331 kernel: [   1695]     0  1695    26081      864    90112        0             0 (sd-pam)
Jun 02 02:21:32 SmallProjectCOP4331 kernel: [   1833]     0  1833      652      119    40960        0             0 sh
Jun 02 02:21:32 SmallProjectCOP4331 kernel: [   1843]     0  1843   213436    11418  1372160        0             0 node
Jun 02 02:21:32 SmallProjectCOP4331 kernel: [   1904]     0  1904   215278     6486  1245184        0             0 node
Jun 02 02:21:32 SmallProjectCOP4331 kernel: [   2357]     0  2357     3480      673    65536        0             0 sshd
Jun 02 02:21:32 SmallProjectCOP4331 kernel: [   3136]     0  3136   227196    22571  2187264        0             0 node
Jun 02 02:21:32 SmallProjectCOP4331 kernel: [   3147]     0  3147   209418     2412   716800        0             0 node
Jun 02 02:21:32 SmallProjectCOP4331 kernel: [   3180]     0  3180   165063    22178  2289664        0             0 node
Jun 02 02:21:32 SmallProjectCOP4331 kernel: [   3181]     0  3181   174665    24586  2473984        0             0 node
Jun 02 02:21:32 SmallProjectCOP4331 kernel: [   3216]     0  3216   157447     4576   761856        0             0 node
Jun 02 02:21:32 SmallProjectCOP4331 kernel: [   3370]    33  3370    59808     1573   118784        0             0 apache2
Jun 02 02:21:32 SmallProjectCOP4331 kernel: [   3510]     0  3510     2560      479    57344        0             0 cron
Jun 02 02:21:32 SmallProjectCOP4331 kernel: [   3520]     0  3520      652      107    45056        0             0 sh
Jun 02 02:21:32 SmallProjectCOP4331 kernel: [   3521]     0  3521      624      124    45056        0             0 run-parts
Jun 02 02:21:32 SmallProjectCOP4331 kernel: [   3522]     0  3522      652      102    45056        0             0 droplet-agent
Jun 02 02:21:32 SmallProjectCOP4331 kernel: [   3524]     0  3524     2187      513    57344        0             0 bash
Jun 02 02:21:32 SmallProjectCOP4331 kernel: [   3526]     0  3526     1807      344    49152        0             0 sleep
Jun 02 02:21:32 SmallProjectCOP4331 kernel: [   3591]     0  3591     3480      982    69632        0             0 sshd
Jun 02 02:21:32 SmallProjectCOP4331 kernel: [   3695]     0  3695     2220      569    53248        0             0 bash
Jun 02 02:21:32 SmallProjectCOP4331 kernel: [   3747]     0  3747     1807       35    49152        0             0 sleep
Jun 02 02:21:32 SmallProjectCOP4331 kernel: [   3770]     0  3770   228564    23916  2400256        0             0 node
Jun 02 02:21:32 SmallProjectCOP4331 kernel: [   3790]     0  3790   209418     2361   729088        0             0 node
Jun 02 02:21:32 SmallProjectCOP4331 kernel: [   4036]     0  4036     2273      679    49152        0             0 bash
Jun 02 02:21:32 SmallProjectCOP4331 kernel: [   4053]     0  4053     3050      659    69632        0             0 sshd
Jun 02 02:21:32 SmallProjectCOP4331 kernel: [   4076]   109  4076     3050      363    65536        0             0 sshd
Jun 02 02:21:32 SmallProjectCOP4331 kernel: [   4127]     0  4127     3050      738    65536        0             0 sshd
Jun 02 02:21:32 SmallProjectCOP4331 kernel: [   4210]     0  4210     3481      992    65536        0             0 sshd
Jun 02 02:21:32 SmallProjectCOP4331 kernel: [   4299]     0  4299     5101      629    57344        0             0 systemd-udevd
Jun 02 02:21:32 SmallProjectCOP4331 kernel: [   4300]     0  4300     5101      463    57344        0             0 systemd-udevd
Jun 02 02:21:32 SmallProjectCOP4331 kernel: [   4309]     0  4309   157850    13753  1204224        0             0 node
Jun 02 02:21:32 SmallProjectCOP4331 kernel: [   4316]     0  4316   165990    13419  1236992        0             0 node
Jun 02 02:21:32 SmallProjectCOP4331 kernel: [   4343]     0  4343     5101      629    57344        0             0 systemd-udevd
Jun 02 02:21:32 SmallProjectCOP4331 kernel: [   4344]     0  4344     5101      629    57344        0             0 systemd-udevd
Jun 02 02:21:32 SmallProjectCOP4331 kernel: [   4345]     0  4345     5101      629    57344        0             0 systemd-udevd
Jun 02 02:21:32 SmallProjectCOP4331 kernel: [   4346]     0  4346     5101      629    57344        0             0 systemd-udevd
Jun 02 02:21:32 SmallProjectCOP4331 kernel: [   4347]     0  4347     5101      629    57344        0             0 systemd-udevd
Jun 02 02:21:32 SmallProjectCOP4331 kernel: [   4348]     0  4348     5101      629    57344        0             0 systemd-udevd
Jun 02 02:21:32 SmallProjectCOP4331 kernel: [   4349]     0  4349     5101      629    57344        0             0 systemd-udevd
Jun 02 02:21:32 SmallProjectCOP4331 kernel: [   4350]     0  4350     5101      629    57344        0             0 systemd-udevd
Jun 02 02:21:32 SmallProjectCOP4331 kernel: [   4392]     0  4392    82032     3630   425984        0             0 node
Jun 02 02:21:32 SmallProjectCOP4331 kernel: [   4415]     0  4415      652      104    40960        0             0 sh
Jun 02 02:21:32 SmallProjectCOP4331 kernel: [   4416]   113  4416    51778    25434   376832        0             0 mysqld
Jun 02 02:21:32 SmallProjectCOP4331 kernel: [   4417]     0  4417     2154      491    53248        0             0 cpuUsage.sh
Jun 02 02:21:32 SmallProjectCOP4331 kernel: [   4420]     0  4420     1807       28    49152        0             0 sleep
Jun 02 02:21:32 SmallProjectCOP4331 kernel: oom-kill:constraint=CONSTRAINT_NONE,nodemask=(null),cpuset=/,mems_allowed=0,global_oom,task_memcg=/system.slice/mysql.service,task=mysqld,pid=4416,uid=113
Jun 02 02:21:32 SmallProjectCOP4331 kernel: Out of memory: Killed process 4416 (mysqld) total-vm:207112kB, anon-rss:99476kB, file-rss:2260kB, shmem-rss:0kB, UID:113 pgtables:368kB oom_score_adj:0
Jun 02 02:21:32 SmallProjectCOP4331 systemd[1]: mysql.service: Main process exited, code=killed, status=9/KILL
-- Subject: Unit process exited
-- Defined-By: systemd
-- Support: http://www.ubuntu.com/support
-- 
-- An ExecStart= process belonging to unit mysql.service has exited.
-- 
-- The process' exit code is 'killed' and its exit status is 9.
Jun 02 02:21:32 SmallProjectCOP4331 systemd[1]: mysql.service: Failed with result 'signal'.
-- Subject: Unit failed
-- Defined-By: systemd
-- Support: http://www.ubuntu.com/support
-- 
-- The unit mysql.service has entered the 'failed' state with result 'signal'.
Jun 02 02:21:32 SmallProjectCOP4331 systemd[1]: Failed to start MySQL Community Server.
-- Subject: A start job for unit mysql.service has failed
-- Defined-By: systemd
-- Support: http://www.ubuntu.com/support
-- 
-- A start job for unit mysql.service has finished with a failure.
-- 
-- The job identifier is 2613 and the job result is failed.
Jun 02 02:21:32 SmallProjectCOP4331 systemd[1]: mysql.service: Scheduled restart job, restart counter is at 3.
-- Subject: Automatic restarting of a unit has been scheduled
-- Defined-By: systemd
-- Support: http://www.ubuntu.com/support
-- 
-- Automatic restarting of the unit mysql.service has been scheduled, as the result for
-- the configured Restart= setting for the unit.
Jun 02 02:21:32 SmallProjectCOP4331 systemd[1]: Stopped MySQL Community Server.
-- Subject: A stop job for unit mysql.service has finished
-- Defined-By: systemd
-- Support: http://www.ubuntu.com/support
-- 
-- A stop job for unit mysql.service has finished.
-- 
-- The job identifier is 2698 and the job result is done.
Jun 02 02:21:32 SmallProjectCOP4331 systemd[1]: Starting MySQL Community Server...
-- Subject: A start job for unit mysql.service has begun execution
-- Defined-By: systemd
-- Support: http://www.ubuntu.com/support
-- 
-- A start job for unit mysql.service has begun execution.
-- 
-- The job identifier is 2698.
Jun 02 02:21:32 SmallProjectCOP4331 kernel: node invoked oom-killer: gfp_mask=0x100cca(GFP_HIGHUSER_MOVABLE), order=0, oom_score_adj=0
Jun 02 02:21:32 SmallProjectCOP4331 kernel: CPU: 0 PID: 3770 Comm: node Not tainted 5.4.0-149-generic #166-Ubuntu
Jun 02 02:21:32 SmallProjectCOP4331 kernel: Hardware name: DigitalOcean Droplet/Droplet, BIOS 20171212 12/12/2017
Jun 02 02:21:32 SmallProjectCOP4331 kernel: Call Trace:
Jun 02 02:21:32 SmallProjectCOP4331 kernel:  dump_stack+0x6d/0x8b
Jun 02 02:21:32 SmallProjectCOP4331 kernel:  dump_header+0x4f/0x1eb
Jun 02 02:21:32 SmallProjectCOP4331 kernel:  oom_kill_process.cold+0xb/0x10
Jun 02 02:21:32 SmallProjectCOP4331 kernel:  out_of_memory+0x1cf/0x500
Jun 02 02:21:32 SmallProjectCOP4331 kernel:  __alloc_pages_slowpath+0xdde/0xeb0
Jun 02 02:21:32 SmallProjectCOP4331 kernel:  __alloc_pages_nodemask+0x2d0/0x320
Jun 02 02:21:32 SmallProjectCOP4331 kernel:  alloc_pages_current+0x87/0xe0
Jun 02 02:21:32 SmallProjectCOP4331 kernel:  __page_cache_alloc+0x72/0x90
Jun 02 02:21:32 SmallProjectCOP4331 kernel:  pagecache_get_page+0xbf/0x300
Jun 02 02:21:32 SmallProjectCOP4331 kernel:  filemap_fault+0x6b2/0xa50
Jun 02 02:21:32 SmallProjectCOP4331 kernel:  ? unlock_page_memcg+0x12/0x20
Jun 02 02:21:32 SmallProjectCOP4331 kernel:  ? page_add_file_rmap+0xff/0x1a0
Jun 02 02:21:32 SmallProjectCOP4331 kernel:  ? set_next_entity+0xb5/0x200
Jun 02 02:21:32 SmallProjectCOP4331 kernel:  ? xas_load+0xd/0x80
Jun 02 02:21:32 SmallProjectCOP4331 kernel:  ? xas_find+0x17f/0x1c0
Jun 02 02:21:32 SmallProjectCOP4331 kernel:  ? filemap_map_pages+0x24c/0x380
Jun 02 02:21:32 SmallProjectCOP4331 kernel:  ext4_filemap_fault+0x32/0x50
Jun 02 02:21:32 SmallProjectCOP4331 kernel:  __do_fault+0x3c/0x170
Jun 02 02:21:32 SmallProjectCOP4331 kernel:  do_fault+0x24b/0x640
Jun 02 02:21:32 SmallProjectCOP4331 kernel:  __handle_mm_fault+0x4c5/0x7a0
Jun 02 02:21:32 SmallProjectCOP4331 kernel:  handle_mm_fault+0xca/0x200
Jun 02 02:21:32 SmallProjectCOP4331 kernel:  do_user_addr_fault+0x1f9/0x450
Jun 02 02:21:32 SmallProjectCOP4331 kernel:  __do_page_fault+0x58/0x90
Jun 02 02:21:32 SmallProjectCOP4331 kernel:  do_page_fault+0x2c/0xe0
Jun 02 02:21:32 SmallProjectCOP4331 kernel:  do_async_page_fault+0x39/0x70
Jun 02 02:21:32 SmallProjectCOP4331 kernel:  async_page_fault+0x34/0x40
Jun 02 02:21:32 SmallProjectCOP4331 kernel: RIP: 0033:0xa13800
Jun 02 02:21:32 SmallProjectCOP4331 kernel: Code: Bad RIP value.
Jun 02 02:21:32 SmallProjectCOP4331 kernel: RSP: 002b:00007ffcac807128 EFLAGS: 00010213
Jun 02 02:21:32 SmallProjectCOP4331 kernel: RAX: 0000000000000000 RBX: 0000000000000068 RCX: 00007f280046746e
Jun 02 02:21:32 SmallProjectCOP4331 kernel: RDX: 0000000000000400 RSI: 00007ffcac807200 RDI: 0000000000000000
Jun 02 02:21:32 SmallProjectCOP4331 kernel: RBP: 00007ffcac80a230 R08: 0000000000000000 R09: 00000000000002f0
Jun 02 02:21:32 SmallProjectCOP4331 kernel: R10: 0000000000000068 R11: 0000000000000000 R12: 0000000000000000
Jun 02 02:21:32 SmallProjectCOP4331 kernel: R13: 00007f2800343600 R14: 0000000004b45c20 R15: 0000000000000000
Jun 02 02:21:32 SmallProjectCOP4331 kernel: Mem-Info:
Jun 02 02:21:32 SmallProjectCOP4331 kernel: active_anon:199566 inactive_anon:687 isolated_anon:0
                                             active_file:175 inactive_file:226 isolated_file:0
                                             unevictable:4640 dirty:3 writeback:0 unstable:0
                                             slab_reclaimable:6001 slab_unreclaimable:12196
                                             mapped:2932 shmem:900 pagetables:3021 bounce:0
                                             free:12158 free_pcp:144 free_cma:0
Jun 02 02:21:32 SmallProjectCOP4331 kernel: Node 0 active_anon:798264kB inactive_anon:2748kB active_file:700kB inactive_file:904kB unevictable:18560kB isolated(anon):0kB isolated(file):0kB mapped:11728kB dirty:12kB writeback:0kB shmem:3600kB shmem_thp: 0kB shmem_pmdmapped: 0kB anon_thp: 0kB writeback_tmp:0kB unstable:0kB all_unreclaimable? no
Jun 02 02:21:32 SmallProjectCOP4331 kernel: Node 0 DMA free:4440kB min:740kB low:924kB high:1108kB active_anon:10224kB inactive_anon:0kB active_file:0kB inactive_file:0kB unevictable:0kB writepending:0kB present:15992kB managed:15908kB mlocked:0kB kernel_stack:160kB pagetables:176kB bounce:0kB free_pcp:0kB local_pcp:0kB free_cma:0kB
Jun 02 02:21:32 SmallProjectCOP4331 kernel: lowmem_reserve[]: 0 927 927 927 927
Jun 02 02:21:32 SmallProjectCOP4331 kernel: Node 0 DMA32 free:44192kB min:44312kB low:55388kB high:66464kB active_anon:788064kB inactive_anon:2748kB active_file:700kB inactive_file:904kB unevictable:18560kB writepending:16kB present:1032032kB managed:984348kB mlocked:18560kB kernel_stack:4648kB pagetables:11908kB bounce:0kB free_pcp:576kB local_pcp:576kB free_cma:0kB
Jun 02 02:21:32 SmallProjectCOP4331 kernel: lowmem_reserve[]: 0 0 0 0 0
Jun 02 02:21:32 SmallProjectCOP4331 kernel: Node 0 DMA: 8*4kB (UE) 5*8kB (UE) 7*16kB (UME) 9*32kB (UME) 2*64kB (UE) 4*128kB (ME) 1*256kB (U) 2*512kB (ME) 2*1024kB (ME) 0*2048kB 0*4096kB = 4440kB
Jun 02 02:21:32 SmallProjectCOP4331 kernel: Node 0 DMA32: 354*4kB (UMEH) 403*8kB (UMEH) 184*16kB (UEH) 86*32kB (UEH) 129*64kB (UMEH) 58*128kB (UME) 11*256kB (UME) 6*512kB (UM) 0*1024kB 4*2048kB (M) 1*4096kB (M) = 44192kB
Jun 02 02:21:32 SmallProjectCOP4331 kernel: Node 0 hugepages_total=0 hugepages_free=0 hugepages_surp=0 hugepages_size=1048576kB
Jun 02 02:21:32 SmallProjectCOP4331 kernel: Node 0 hugepages_total=0 hugepages_free=0 hugepages_surp=0 hugepages_size=2048kB
Jun 02 02:21:32 SmallProjectCOP4331 kernel: 3374 total pagecache pages
Jun 02 02:21:32 SmallProjectCOP4331 kernel: 0 pages in swap cache
Jun 02 02:21:32 SmallProjectCOP4331 kernel: Swap cache stats: add 0, delete 0, find 0/0
Jun 02 02:21:32 SmallProjectCOP4331 kernel: Free swap  = 0kB
Jun 02 02:21:32 SmallProjectCOP4331 kernel: Total swap = 0kB
Jun 02 02:21:32 SmallProjectCOP4331 kernel: 262006 pages RAM
Jun 02 02:21:32 SmallProjectCOP4331 kernel: 0 pages HighMem/MovableOnly
Jun 02 02:21:32 SmallProjectCOP4331 kernel: 11942 pages reserved
Jun 02 02:21:32 SmallProjectCOP4331 kernel: 0 pages cma reserved
Jun 02 02:21:32 SmallProjectCOP4331 kernel: 0 pages hwpoisoned
Jun 02 02:21:32 SmallProjectCOP4331 kernel: Tasks state (memory values in pages):
Jun 02 02:21:32 SmallProjectCOP4331 kernel: [  pid  ]   uid  tgid total_vm      rss pgtables_bytes swapents oom_score_adj name
Jun 02 02:21:32 SmallProjectCOP4331 kernel: [    337]     0   337    21291      897   184320        0          -250 systemd-journal
Jun 02 02:21:32 SmallProjectCOP4331 kernel: [    359]     0   359      622      144    45056        0             0 none
Jun 02 02:21:32 SmallProjectCOP4331 kernel: [    520]     0   520    70056     4506    94208        0         -1000 multipathd
Jun 02 02:21:32 SmallProjectCOP4331 kernel: [    556]   102   556    22786      647    81920        0             0 systemd-timesyn
Jun 02 02:21:32 SmallProjectCOP4331 kernel: [    616]   100   616     4834      722    77824        0             0 systemd-network
Jun 02 02:21:32 SmallProjectCOP4331 kernel: [    635]   101   635     6242     1323    94208        0             0 systemd-resolve
Jun 02 02:21:32 SmallProjectCOP4331 kernel: [    659]     0   659     5101      751    61440        0         -1000 systemd-udevd
Jun 02 02:21:32 SmallProjectCOP4331 kernel: [    723]     0   723    60236      291   102400        0             0 accounts-daemon
Jun 02 02:21:32 SmallProjectCOP4331 kernel: [    727]     0   727     2141      491    57344        0             0 cron
Jun 02 02:21:32 SmallProjectCOP4331 kernel: [    728]   103   728     1896      864    61440        0          -900 dbus-daemon
Jun 02 02:21:32 SmallProjectCOP4331 kernel: [    732]     0   732   324789      192   159744        0          -900 droplet-agent
Jun 02 02:21:32 SmallProjectCOP4331 kernel: [    741]     0   741     7471     2793    90112        0             0 networkd-dispat
Jun 02 02:21:32 SmallProjectCOP4331 kernel: [    743]     0   743    59083      897    98304        0             0 polkitd
Jun 02 02:21:32 SmallProjectCOP4331 kernel: [    745]   104   745    56086      444    77824        0             0 rsyslogd
Jun 02 02:21:32 SmallProjectCOP4331 kernel: [    750]     0   750   181953     3783   217088        0          -900 snapd
Jun 02 02:21:32 SmallProjectCOP4331 kernel: [    752]     0   752     4403      863    77824        0             0 systemd-logind
Jun 02 02:21:32 SmallProjectCOP4331 kernel: [    754]     0   754    98935      938   126976        0             0 udisksd
Jun 02 02:21:32 SmallProjectCOP4331 kernel: [    755]     0   755      955      529    45056        0             0 atd
Jun 02 02:21:32 SmallProjectCOP4331 kernel: [    756]     0   756    99344     2967   126976        0             0 f2b/server
Jun 02 02:21:32 SmallProjectCOP4331 kernel: [    776]     0   776     1838      440    53248        0             0 agetty
Jun 02 02:21:32 SmallProjectCOP4331 kernel: [    781]     0   781     1457      361    53248        0             0 agetty
Jun 02 02:21:32 SmallProjectCOP4331 kernel: [    815]     0   815     3050      717    61440        0         -1000 sshd
Jun 02 02:21:32 SmallProjectCOP4331 kernel: [    835]     0   835    79710      843   126976        0             0 ModemManager
Jun 02 02:21:32 SmallProjectCOP4331 kernel: [    852]     0   852    27094     2661   110592        0             0 unattended-upgr
Jun 02 02:21:32 SmallProjectCOP4331 kernel: [    855]     0   855    59707     2230   147456        0             0 apache2
Jun 02 02:21:32 SmallProjectCOP4331 kernel: [    876]    33   876    59820     1647   118784        0             0 apache2
Jun 02 02:21:32 SmallProjectCOP4331 kernel: [    877]    33   877    59817     1595   118784        0             0 apache2
Jun 02 02:21:32 SmallProjectCOP4331 kernel: [    878]    33   878    59808     1567   118784        0             0 apache2
Jun 02 02:21:32 SmallProjectCOP4331 kernel: [    881]    33   881    59808     1567   118784        0             0 apache2
Jun 02 02:21:32 SmallProjectCOP4331 kernel: [    882]    33   882    59808     1567   118784        0             0 apache2
Jun 02 02:21:32 SmallProjectCOP4331 kernel: [   1668]     0  1668     9517      268    61440        0             0 master
Jun 02 02:21:32 SmallProjectCOP4331 kernel: [   1671]   114  1671     9584      553    69632        0             0 pickup
Jun 02 02:21:32 SmallProjectCOP4331 kernel: [   1672]   114  1672     9597      530    69632        0             0 qmgr
Jun 02 02:21:32 SmallProjectCOP4331 kernel: [   1694]     0  1694     4835      919    81920        0             0 systemd
Jun 02 02:21:32 SmallProjectCOP4331 kernel: [   1695]     0  1695    26081      864    90112        0             0 (sd-pam)
Jun 02 02:21:32 SmallProjectCOP4331 kernel: [   1833]     0  1833      652      119    40960        0             0 sh
Jun 02 02:21:32 SmallProjectCOP4331 kernel: [   1843]     0  1843   213436    11421  1372160        0             0 node
Jun 02 02:21:32 SmallProjectCOP4331 kernel: [   1904]     0  1904   215278     6195  1245184        0             0 node
Jun 02 02:21:32 SmallProjectCOP4331 kernel: [   2357]     0  2357     3480      673    65536        0             0 sshd
Jun 02 02:21:32 SmallProjectCOP4331 kernel: [   3136]     0  3136   227196    22575  2187264        0             0 node
Jun 02 02:21:32 SmallProjectCOP4331 kernel: [   3147]     0  3147   209418     2412   716800        0             0 node
Jun 02 02:21:32 SmallProjectCOP4331 kernel: [   3180]     0  3180   165063    22178  2289664        0             0 node
Jun 02 02:21:32 SmallProjectCOP4331 kernel: [   3181]     0  3181   174665    24586  2473984        0             0 node
Jun 02 02:21:32 SmallProjectCOP4331 kernel: [   3216]     0  3216   157447     4576   761856        0             0 node
Jun 02 02:21:32 SmallProjectCOP4331 kernel: [   3370]    33  3370    59808     1573   118784        0             0 apache2
Jun 02 02:21:32 SmallProjectCOP4331 kernel: [   3510]     0  3510     2560      479    57344        0             0 cron
Jun 02 02:21:32 SmallProjectCOP4331 kernel: [   3520]     0  3520      652      107    45056        0             0 sh
Jun 02 02:21:32 SmallProjectCOP4331 kernel: [   3521]     0  3521      624      124    45056        0             0 run-parts
Jun 02 02:21:32 SmallProjectCOP4331 kernel: [   3522]     0  3522      652      102    45056        0             0 droplet-agent
Jun 02 02:21:32 SmallProjectCOP4331 kernel: [   3524]     0  3524     2187      513    57344        0             0 bash
Jun 02 02:21:32 SmallProjectCOP4331 kernel: [   3526]     0  3526     1807      344    49152        0             0 sleep
Jun 02 02:21:32 SmallProjectCOP4331 kernel: [   3591]     0  3591     3480      865    69632        0             0 sshd
Jun 02 02:21:32 SmallProjectCOP4331 kernel: [   3695]     0  3695     2220      569    53248        0             0 bash
Jun 02 02:21:32 SmallProjectCOP4331 kernel: [   3747]     0  3747     1807       35    49152        0             0 sleep
Jun 02 02:21:32 SmallProjectCOP4331 kernel: [   3770]     0  3770   228617    23798  2412544        0             0 node
Jun 02 02:21:32 SmallProjectCOP4331 kernel: [   3790]     0  3790   209418     2361   729088        0             0 node
Jun 02 02:21:32 SmallProjectCOP4331 kernel: [   4036]     0  4036     2273      679    49152        0             0 bash
Jun 02 02:21:32 SmallProjectCOP4331 kernel: [   4053]     0  4053     3050      659    69632        0             0 sshd
Jun 02 02:21:32 SmallProjectCOP4331 kernel: [   4076]   109  4076     3050      363    65536        0             0 sshd
Jun 02 02:21:32 SmallProjectCOP4331 kernel: [   4127]     0  4127     3050      738    65536        0             0 sshd
Jun 02 02:21:32 SmallProjectCOP4331 kernel: [   4210]     0  4210     3481      992    65536        0             0 sshd
Jun 02 02:21:32 SmallProjectCOP4331 kernel: [   4299]     0  4299     5101      512    57344        0             0 systemd-udevd
Jun 02 02:21:32 SmallProjectCOP4331 kernel: [   4300]     0  4300     5101      463    57344        0             0 systemd-udevd
Jun 02 02:21:32 SmallProjectCOP4331 kernel: [   4309]     0  4309   158042    16767  1249280        0             0 node
Jun 02 02:21:32 SmallProjectCOP4331 kernel: [   4316]     0  4316   166236    14994  1282048        0             0 node
Jun 02 02:21:32 SmallProjectCOP4331 kernel: [   4343]     0  4343     5101      512    57344        0             0 systemd-udevd
Jun 02 02:21:32 SmallProjectCOP4331 kernel: [   4344]     0  4344     5101      512    57344        0             0 systemd-udevd
Jun 02 02:21:32 SmallProjectCOP4331 kernel: [   4345]     0  4345     5101      512    57344        0             0 systemd-udevd
Jun 02 02:21:32 SmallProjectCOP4331 kernel: [   4346]     0  4346     5101      512    57344        0             0 systemd-udevd
Jun 02 02:21:32 SmallProjectCOP4331 kernel: [   4347]     0  4347     5101      512    57344        0             0 systemd-udevd
Jun 02 02:21:32 SmallProjectCOP4331 kernel: [   4348]     0  4348     5101      512    57344        0             0 systemd-udevd
Jun 02 02:21:32 SmallProjectCOP4331 kernel: [   4349]     0  4349     5101      512    57344        0             0 systemd-udevd
Jun 02 02:21:32 SmallProjectCOP4331 kernel: [   4350]     0  4350     5101      512    57344        0             0 systemd-udevd
Jun 02 02:21:32 SmallProjectCOP4331 kernel: [   4392]     0  4392   149092     4826   704512        0             0 node
Jun 02 02:21:32 SmallProjectCOP4331 kernel: [   4415]     0  4415      652      104    40960        0             0 sh
Jun 02 02:21:32 SmallProjectCOP4331 kernel: [   4417]     0  4417     2154      491    53248        0             0 cpuUsage.sh
Jun 02 02:21:32 SmallProjectCOP4331 kernel: [   4420]     0  4420     1807       28    49152        0             0 sleep
Jun 02 02:21:32 SmallProjectCOP4331 kernel: [   4430]   113  4430    49277    19511   335872        0             0 mysqld
Jun 02 02:21:32 SmallProjectCOP4331 kernel: oom-kill:constraint=CONSTRAINT_NONE,nodemask=(null),cpuset=/,mems_allowed=0,global_oom,task_memcg=/user.slice/user-0.slice/session-1.scope,task=node,pid=3181,uid=0
Jun 02 02:21:32 SmallProjectCOP4331 kernel: Out of memory: Killed process 3181 (node) total-vm:698660kB, anon-rss:98344kB, file-rss:0kB, shmem-rss:0kB, UID:0 pgtables:2416kB oom_score_adj:0
Jun 02 02:21:32 SmallProjectCOP4331 kernel: cpuUsage.sh invoked oom-killer: gfp_mask=0x400dc0(GFP_KERNEL_ACCOUNT|__GFP_ZERO), order=1, oom_score_adj=0
Jun 02 02:21:32 SmallProjectCOP4331 kernel: CPU: 0 PID: 4417 Comm: cpuUsage.sh Not tainted 5.4.0-149-generic #166-Ubuntu
Jun 02 02:21:32 SmallProjectCOP4331 kernel: Hardware name: DigitalOcean Droplet/Droplet, BIOS 20171212 12/12/2017
Jun 02 02:21:32 SmallProjectCOP4331 kernel: Call Trace:
Jun 02 02:21:32 SmallProjectCOP4331 kernel:  dump_stack+0x6d/0x8b
Jun 02 02:21:32 SmallProjectCOP4331 kernel:  dump_header+0x4f/0x1eb
Jun 02 02:21:32 SmallProjectCOP4331 kernel:  oom_kill_process.cold+0xb/0x10
Jun 02 02:21:32 SmallProjectCOP4331 kernel:  out_of_memory+0x1cf/0x500
Jun 02 02:21:32 SmallProjectCOP4331 kernel:  __alloc_pages_slowpath+0xdde/0xeb0
Jun 02 02:21:32 SmallProjectCOP4331 kernel:  __alloc_pages_nodemask+0x2d0/0x320
Jun 02 02:21:32 SmallProjectCOP4331 kernel:  alloc_pages_current+0x87/0xe0
Jun 02 02:21:32 SmallProjectCOP4331 kernel:  __get_free_pages+0x11/0x40
Jun 02 02:21:32 SmallProjectCOP4331 kernel:  pgd_alloc+0x37/0x210
Jun 02 02:21:32 SmallProjectCOP4331 kernel:  ? kvmalloc_node+0x7b/0x90
Jun 02 02:21:32 SmallProjectCOP4331 kernel:  mm_init+0x1be/0x2b0
Jun 02 02:21:32 SmallProjectCOP4331 kernel:  dup_mm+0x59/0x120
Jun 02 02:21:32 SmallProjectCOP4331 kernel:  copy_process+0x1755/0x1b10
Jun 02 02:21:32 SmallProjectCOP4331 kernel:  _do_fork+0x89/0x3d0
Jun 02 02:21:32 SmallProjectCOP4331 kernel:  ? recalc_sigpending+0x1c/0x60
Jun 02 02:21:32 SmallProjectCOP4331 kernel:  ? __set_task_blocked+0x38/0xa0
Jun 02 02:21:32 SmallProjectCOP4331 kernel:  ? get_unused_fd_flags+0x30/0x40
Jun 02 02:21:32 SmallProjectCOP4331 kernel:  __x64_sys_clone+0x84/0xa0
Jun 02 02:21:32 SmallProjectCOP4331 kernel:  do_syscall_64+0x57/0x190
Jun 02 02:21:32 SmallProjectCOP4331 kernel:  entry_SYSCALL_64_after_hwframe+0x5c/0xc1
Jun 02 02:21:32 SmallProjectCOP4331 kernel: RIP: 0033:0x7feca1ac7f3f
Jun 02 02:21:32 SmallProjectCOP4331 kernel: Code: ed 0f 85 04 01 00 00 64 4c 8b 0c 25 10 00 00 00 45 31 c0 4d 8d 91 d0 02 00 00 31 d2 31 f6 bf 11 00 20 01 b8 38 00 00 00 0f 05 <48> 3d 00 f0 ff ff 0f 87 95 00 00 00 41 89 c5 85 c0 0f 85 a2 00 00
Jun 02 02:21:32 SmallProjectCOP4331 kernel: RSP: 002b:00007fffeea24020 EFLAGS: 00000246 ORIG_RAX: 0000000000000038
Jun 02 02:21:32 SmallProjectCOP4331 kernel: RAX: ffffffffffffffda RBX: 0000000000000001 RCX: 00007feca1ac7f3f
Jun 02 02:21:32 SmallProjectCOP4331 kernel: RDX: 0000000000000000 RSI: 0000000000000000 RDI: 0000000001200011
Jun 02 02:21:32 SmallProjectCOP4331 kernel: RBP: 0000000000000000 R08: 0000000000000000 R09: 00007feca19e2740
Jun 02 02:21:32 SmallProjectCOP4331 kernel: R10: 00007feca19e2a10 R11: 0000000000000246 R12: 0000000000000000
Jun 02 02:21:32 SmallProjectCOP4331 kernel: R13: 00007fffeea240e0 R14: 0000561b38b78300 R15: 0000561b384e7da0
Jun 02 02:21:32 SmallProjectCOP4331 kernel: Mem-Info:
Jun 02 02:21:32 SmallProjectCOP4331 kernel: active_anon:200412 inactive_anon:687 isolated_anon:0
                                             active_file:109 inactive_file:79 isolated_file:0
                                             unevictable:4640 dirty:3 writeback:0 unstable:0
                                             slab_reclaimable:6001 slab_unreclaimable:12196
                                             mapped:2842 shmem:900 pagetables:2720 bounce:0
                                             free:12488 free_pcp:0 free_cma:0
Jun 02 02:21:32 SmallProjectCOP4331 kernel: Node 0 active_anon:801648kB inactive_anon:2748kB active_file:436kB inactive_file:316kB unevictable:18560kB isolated(anon):0kB isolated(file):0kB mapped:11368kB dirty:12kB writeback:0kB shmem:3600kB shmem_thp: 0kB shmem_pmdmapped: 0kB anon_thp: 0kB writeback_tmp:0kB unstable:0kB all_unreclaimable? no
Jun 02 02:21:32 SmallProjectCOP4331 kernel: Node 0 DMA free:4440kB min:740kB low:924kB high:1108kB active_anon:10572kB inactive_anon:0kB active_file:0kB inactive_file:0kB unevictable:0kB writepending:0kB present:15992kB managed:15908kB mlocked:0kB kernel_stack:32kB pagetables:64kB bounce:0kB free_pcp:0kB local_pcp:0kB free_cma:0kB
Jun 02 02:21:32 SmallProjectCOP4331 kernel: lowmem_reserve[]: 0 927 927 927 927
Jun 02 02:21:32 SmallProjectCOP4331 kernel: Node 0 DMA32 free:45512kB min:44312kB low:55388kB high:66464kB active_anon:791088kB inactive_anon:2748kB active_file:436kB inactive_file:316kB unevictable:18560kB writepending:16kB present:1032032kB managed:984348kB mlocked:18560kB kernel_stack:4456kB pagetables:10816kB bounce:0kB free_pcp:0kB local_pcp:0kB free_cma:0kB
Jun 02 02:21:32 SmallProjectCOP4331 kernel: lowmem_reserve[]: 0 0 0 0 0
Jun 02 02:21:32 SmallProjectCOP4331 kernel: Node 0 DMA: 11*4kB (UME) 20*8kB (UME) 9*16kB (UE) 8*32kB (UME) 4*64kB (UE) 2*128kB (ME) 1*256kB (U) 2*512kB (ME) 2*1024kB (ME) 0*2048kB 0*4096kB = 4444kB
Jun 02 02:21:32 SmallProjectCOP4331 kernel: Node 0 DMA32: 834*4kB (UMEH) 466*8kB (UMEH) 205*16kB (UMEH) 90*32kB (UMEH) 37*64kB (UEH) 32*128kB (UME) 31*256kB (UME) 11*512kB (UM) 0*1024kB 4*2048kB (M) 1*4096kB (M) = 45544kB
Jun 02 02:21:32 SmallProjectCOP4331 kernel: Node 0 hugepages_total=0 hugepages_free=0 hugepages_surp=0 hugepages_size=1048576kB
Jun 02 02:21:32 SmallProjectCOP4331 kernel: Node 0 hugepages_total=0 hugepages_free=0 hugepages_surp=0 hugepages_size=2048kB
Jun 02 02:21:32 SmallProjectCOP4331 kernel: 3148 total pagecache pages
Jun 02 02:21:32 SmallProjectCOP4331 kernel: 0 pages in swap cache
Jun 02 02:21:32 SmallProjectCOP4331 kernel: Swap cache stats: add 0, delete 0, find 0/0
Jun 02 02:21:32 SmallProjectCOP4331 kernel: Free swap  = 0kB
Jun 02 02:21:32 SmallProjectCOP4331 kernel: Total swap = 0kB
Jun 02 02:21:32 SmallProjectCOP4331 kernel: 262006 pages RAM
Jun 02 02:21:32 SmallProjectCOP4331 kernel: 0 pages HighMem/MovableOnly
Jun 02 02:21:32 SmallProjectCOP4331 kernel: 11942 pages reserved
Jun 02 02:21:32 SmallProjectCOP4331 kernel: 0 pages cma reserved
Jun 02 02:21:32 SmallProjectCOP4331 kernel: 0 pages hwpoisoned
Jun 02 02:21:32 SmallProjectCOP4331 kernel: Tasks state (memory values in pages):
Jun 02 02:21:32 SmallProjectCOP4331 kernel: [  pid  ]   uid  tgid total_vm      rss pgtables_bytes swapents oom_score_adj name
Jun 02 02:21:32 SmallProjectCOP4331 kernel: [    337]     0   337    21291     1024   184320        0          -250 systemd-journal
Jun 02 02:21:32 SmallProjectCOP4331 kernel: [    359]     0   359      622      144    45056        0             0 none
Jun 02 02:21:32 SmallProjectCOP4331 kernel: [    520]     0   520    70056     4506    94208        0         -1000 multipathd
Jun 02 02:21:32 SmallProjectCOP4331 kernel: [    556]   102   556    22786      647    81920        0             0 systemd-timesyn
Jun 02 02:21:32 SmallProjectCOP4331 kernel: [    616]   100   616     4834      722    77824        0             0 systemd-network
Jun 02 02:21:32 SmallProjectCOP4331 kernel: [    635]   101   635     6242     1321    94208        0             0 systemd-resolve
Jun 02 02:21:32 SmallProjectCOP4331 kernel: [    659]     0   659     5101      749    61440        0         -1000 systemd-udevd
Jun 02 02:21:32 SmallProjectCOP4331 kernel: [    723]     0   723    60236      406   102400        0             0 accounts-daemon
Jun 02 02:21:32 SmallProjectCOP4331 kernel: [    727]     0   727     2141      491    57344        0             0 cron
Jun 02 02:21:32 SmallProjectCOP4331 kernel: [    728]   103   728     1896      862    61440        0          -900 dbus-daemon
Jun 02 02:21:32 SmallProjectCOP4331 kernel: [    732]     0   732   324789      192   159744        0          -900 droplet-agent
Jun 02 02:21:32 SmallProjectCOP4331 kernel: [    741]     0   741     7471     2793    90112        0             0 networkd-dispat
Jun 02 02:21:32 SmallProjectCOP4331 kernel: [    743]     0   743    59083      897    98304        0             0 polkitd
Jun 02 02:21:32 SmallProjectCOP4331 kernel: [    745]   104   745    56086      403    77824        0             0 rsyslogd
Jun 02 02:21:32 SmallProjectCOP4331 kernel: [    750]     0   750   181953     3783   217088        0          -900 snapd
Jun 02 02:21:32 SmallProjectCOP4331 kernel: [    752]     0   752     4403      861    77824        0             0 systemd-logind
Jun 02 02:21:32 SmallProjectCOP4331 kernel: [    754]     0   754    98935      938   126976        0             0 udisksd
Jun 02 02:21:32 SmallProjectCOP4331 kernel: [    755]     0   755      955      529    45056        0             0 atd
Jun 02 02:21:32 SmallProjectCOP4331 kernel: [    756]     0   756    99344     2970   126976        0             0 f2b/server
Jun 02 02:21:32 SmallProjectCOP4331 kernel: [    776]     0   776     1838      440    53248        0             0 agetty
Jun 02 02:21:32 SmallProjectCOP4331 kernel: [    781]     0   781     1457      361    53248        0             0 agetty
Jun 02 02:21:32 SmallProjectCOP4331 kernel: [    815]     0   815     3050      717    61440        0         -1000 sshd
Jun 02 02:21:32 SmallProjectCOP4331 kernel: [    835]     0   835    79710      843   126976        0             0 ModemManager
Jun 02 02:21:32 SmallProjectCOP4331 kernel: [    852]     0   852    27094     2661   110592        0             0 unattended-upgr
Jun 02 02:21:32 SmallProjectCOP4331 kernel: [    855]     0   855    59707     2228   147456        0             0 apache2
Jun 02 02:21:32 SmallProjectCOP4331 kernel: [    876]    33   876    59820     1647   118784        0             0 apache2
Jun 02 02:21:32 SmallProjectCOP4331 kernel: [    877]    33   877    59817     1595   118784        0             0 apache2
Jun 02 02:21:32 SmallProjectCOP4331 kernel: [    878]    33   878    59808     1567   118784        0             0 apache2
Jun 02 02:21:32 SmallProjectCOP4331 kernel: [    881]    33   881    59808     1567   118784        0             0 apache2
Jun 02 02:21:32 SmallProjectCOP4331 kernel: [    882]    33   882    59808     1567   118784        0             0 apache2
Jun 02 02:21:32 SmallProjectCOP4331 kernel: [   1668]     0  1668     9517      268    61440        0             0 master
Jun 02 02:21:32 SmallProjectCOP4331 kernel: [   1671]   114  1671     9584      553    69632        0             0 pickup
Jun 02 02:21:32 SmallProjectCOP4331 kernel: [   1672]   114  1672     9597      530    69632        0             0 qmgr
Jun 02 02:21:32 SmallProjectCOP4331 kernel: [   1694]     0  1694     4835      919    81920        0             0 systemd
Jun 02 02:21:32 SmallProjectCOP4331 kernel: [   1695]     0  1695    26081      864    90112        0             0 (sd-pam)
Jun 02 02:21:32 SmallProjectCOP4331 kernel: [   1833]     0  1833      652      119    40960        0             0 sh
Jun 02 02:21:32 SmallProjectCOP4331 kernel: [   1843]     0  1843   213436    11421  1372160        0             0 node
Jun 02 02:21:32 SmallProjectCOP4331 kernel: [   1904]     0  1904   215278     6230  1245184        0             0 node
Jun 02 02:21:32 SmallProjectCOP4331 kernel: [   2357]     0  2357     3480      673    65536        0             0 sshd
Jun 02 02:21:32 SmallProjectCOP4331 kernel: [   3136]     0  3136   227196    22438  2187264        0             0 node
Jun 02 02:21:32 SmallProjectCOP4331 kernel: [   3147]     0  3147   209418     2412   716800        0             0 node
Jun 02 02:21:32 SmallProjectCOP4331 kernel: [   3180]     0  3180   165063    22178  2289664        0             0 node
Jun 02 02:21:32 SmallProjectCOP4331 kernel: [   3370]    33  3370    59808     1573   118784        0             0 apache2
Jun 02 02:21:32 SmallProjectCOP4331 kernel: [   3510]     0  3510     2560      479    57344        0             0 cron
Jun 02 02:21:32 SmallProjectCOP4331 kernel: [   3520]     0  3520      652      107    45056        0             0 sh
Jun 02 02:21:32 SmallProjectCOP4331 kernel: [   3521]     0  3521      624      124    45056        0             0 run-parts
Jun 02 02:21:32 SmallProjectCOP4331 kernel: [   3522]     0  3522      652      102    45056        0             0 droplet-agent
Jun 02 02:21:32 SmallProjectCOP4331 kernel: [   3524]     0  3524     2187      513    57344        0             0 bash
Jun 02 02:21:32 SmallProjectCOP4331 kernel: [   3526]     0  3526     1807      344    49152        0             0 sleep
Jun 02 02:21:32 SmallProjectCOP4331 kernel: [   3591]     0  3591     3480      863    69632        0             0 sshd
Jun 02 02:21:32 SmallProjectCOP4331 kernel: [   3695]     0  3695     2220      569    53248        0             0 bash
Jun 02 02:21:32 SmallProjectCOP4331 kernel: [   3747]     0  3747     1807       35    49152        0             0 sleep
Jun 02 02:21:32 SmallProjectCOP4331 kernel: [   3770]     0  3770   228617    23798  2412544        0             0 node
Jun 02 02:21:32 SmallProjectCOP4331 kernel: [   3790]     0  3790   209418     2361   729088        0             0 node
Jun 02 02:21:32 SmallProjectCOP4331 kernel: [   4036]     0  4036     2273      679    49152        0             0 bash
Jun 02 02:21:32 SmallProjectCOP4331 kernel: [   4053]     0  4053     3050      659    69632        0             0 sshd
Jun 02 02:21:32 SmallProjectCOP4331 kernel: [   4076]   109  4076     3050      363    65536        0             0 sshd
Jun 02 02:21:32 SmallProjectCOP4331 kernel: [   4127]     0  4127     3050      738    65536        0             0 sshd
Jun 02 02:21:32 SmallProjectCOP4331 kernel: [   4210]     0  4210     3481      992    65536        0             0 sshd
Jun 02 02:21:32 SmallProjectCOP4331 kernel: [   4299]     0  4299     5101      512    57344        0             0 systemd-udevd
Jun 02 02:21:32 SmallProjectCOP4331 kernel: [   4300]     0  4300     5101      463    57344        0             0 systemd-udevd
Jun 02 02:21:32 SmallProjectCOP4331 kernel: [   4309]     0  4309   158298    17066  1290240        0             0 node
Jun 02 02:21:32 SmallProjectCOP4331 kernel: [   4316]     0  4316   166236    15444  1286144        0             0 node
Jun 02 02:21:32 SmallProjectCOP4331 kernel: [   4343]     0  4343     5101      512    57344        0             0 systemd-udevd
Jun 02 02:21:32 SmallProjectCOP4331 kernel: [   4344]     0  4344     5101      512    57344        0             0 systemd-udevd
Jun 02 02:21:32 SmallProjectCOP4331 kernel: [   4345]     0  4345     5101      512    57344        0             0 systemd-udevd
Jun 02 02:21:32 SmallProjectCOP4331 kernel: [   4346]     0  4346     5101      512    57344        0             0 systemd-udevd
Jun 02 02:21:32 SmallProjectCOP4331 kernel: [   4347]     0  4347     5101      512    57344        0             0 systemd-udevd
Jun 02 02:21:32 SmallProjectCOP4331 kernel: [   4348]     0  4348     5101      512    57344        0             0 systemd-udevd
Jun 02 02:21:32 SmallProjectCOP4331 kernel: [   4349]     0  4349     5101      512    57344        0             0 systemd-udevd
Jun 02 02:21:32 SmallProjectCOP4331 kernel: [   4350]     0  4350     5101      512    57344        0             0 systemd-udevd
Jun 02 02:21:32 SmallProjectCOP4331 kernel: [   4392]     0  4392   149092     4657   704512        0             0 node
Jun 02 02:21:32 SmallProjectCOP4331 kernel: [   4415]     0  4415      652      104    40960        0             0 sh
Jun 02 02:21:32 SmallProjectCOP4331 kernel: [   4417]     0  4417     2154      444    53248        0             0 cpuUsage.sh
Jun 02 02:21:32 SmallProjectCOP4331 kernel: [   4430]   113  4430    74371    48412   565248        0             0 mysqld
Jun 02 02:21:32 SmallProjectCOP4331 kernel: [   4431]     0  4431    19239       71    57344        0             0 node
Jun 02 02:21:32 SmallProjectCOP4331 kernel: [   4432]     0  4432    19239       45    65536        0             0 node
Jun 02 02:21:32 SmallProjectCOP4331 kernel: oom-kill:constraint=CONSTRAINT_NONE,nodemask=(null),cpuset=/,mems_allowed=0,global_oom,task_memcg=/system.slice/mysql.service,task=mysqld,pid=4430,uid=113
Jun 02 02:21:32 SmallProjectCOP4331 kernel: Out of memory: Killed process 4430 (mysqld) total-vm:297484kB, anon-rss:191676kB, file-rss:1972kB, shmem-rss:0kB, UID:113 pgtables:552kB oom_score_adj:0
Jun 02 02:21:32 SmallProjectCOP4331 systemd[1]: mysql.service: Main process exited, code=killed, status=9/KILL
-- Subject: Unit process exited
-- Defined-By: systemd
-- Support: http://www.ubuntu.com/support
-- 
-- An ExecStart= process belonging to unit mysql.service has exited.
-- 
-- The process' exit code is 'killed' and its exit status is 9.
Jun 02 02:21:32 SmallProjectCOP4331 systemd[1]: mysql.service: Failed with result 'signal'.
-- Subject: Unit failed
-- Defined-By: systemd
-- Support: http://www.ubuntu.com/support
-- 
-- The unit mysql.service has entered the 'failed' state with result 'signal'.
Jun 02 02:21:32 SmallProjectCOP4331 systemd[1]: Failed to start MySQL Community Server.
-- Subject: A start job for unit mysql.service has failed
-- Defined-By: systemd
-- Support: http://www.ubuntu.com/support
-- 
-- A start job for unit mysql.service has finished with a failure.
-- 
-- The job identifier is 2698 and the job result is failed.
Jun 02 02:21:33 SmallProjectCOP4331 systemd[1]: mysql.service: Scheduled restart job, restart counter is at 4.
-- Subject: Automatic restarting of a unit has been scheduled
-- Defined-By: systemd
-- Support: http://www.ubuntu.com/support
-- 
-- Automatic restarting of the unit mysql.service has been scheduled, as the result for
-- the configured Restart= setting for the unit.
Jun 02 02:21:33 SmallProjectCOP4331 systemd[1]: Stopped MySQL Community Server.
-- Subject: A stop job for unit mysql.service has finished
-- Defined-By: systemd
-- Support: http://www.ubuntu.com/support
-- 
-- A stop job for unit mysql.service has finished.
-- 
-- The job identifier is 2783 and the job result is done.
Jun 02 02:21:33 SmallProjectCOP4331 systemd[1]: Starting MySQL Community Server...
-- Subject: A start job for unit mysql.service has begun execution
-- Defined-By: systemd
-- Support: http://www.ubuntu.com/support
-- 
-- A start job for unit mysql.service has begun execution.
-- 
-- The job identifier is 2783.
Jun 02 02:21:33 SmallProjectCOP4331 sshd[4449]: pam_unix(sshd:auth): authentication failure; logname= uid=0 euid=0 tty=ssh ruser= rhost=146.190.65.27  user=root
Jun 02 02:21:33 SmallProjectCOP4331 kernel: mysqld invoked oom-killer: gfp_mask=0x100dca(GFP_HIGHUSER_MOVABLE|__GFP_ZERO), order=0, oom_score_adj=0
Jun 02 02:21:33 SmallProjectCOP4331 kernel: CPU: 0 PID: 4458 Comm: mysqld Not tainted 5.4.0-149-generic #166-Ubuntu
Jun 02 02:21:33 SmallProjectCOP4331 kernel: Hardware name: DigitalOcean Droplet/Droplet, BIOS 20171212 12/12/2017
Jun 02 02:21:33 SmallProjectCOP4331 kernel: Call Trace:
Jun 02 02:21:33 SmallProjectCOP4331 kernel:  dump_stack+0x6d/0x8b
Jun 02 02:21:33 SmallProjectCOP4331 kernel:  dump_header+0x4f/0x1eb
Jun 02 02:21:33 SmallProjectCOP4331 kernel:  oom_kill_process.cold+0xb/0x10
Jun 02 02:21:33 SmallProjectCOP4331 kernel:  out_of_memory+0x1cf/0x500
Jun 02 02:21:33 SmallProjectCOP4331 kernel:  __alloc_pages_slowpath+0xdde/0xeb0
Jun 02 02:21:33 SmallProjectCOP4331 kernel:  ? __memcg_kmem_charge_memcg+0x87/0xc0
Jun 02 02:21:33 SmallProjectCOP4331 kernel:  __alloc_pages_nodemask+0x2d0/0x320
Jun 02 02:21:33 SmallProjectCOP4331 kernel:  alloc_pages_vma+0x7f/0x220
Jun 02 02:21:33 SmallProjectCOP4331 kernel:  do_anonymous_page+0x118/0x650
Jun 02 02:21:33 SmallProjectCOP4331 kernel:  __handle_mm_fault+0x760/0x7a0
Jun 02 02:21:33 SmallProjectCOP4331 kernel:  handle_mm_fault+0xca/0x200
Jun 02 02:21:33 SmallProjectCOP4331 kernel:  do_user_addr_fault+0x1f9/0x450
Jun 02 02:21:33 SmallProjectCOP4331 kernel:  __do_page_fault+0x58/0x90
Jun 02 02:21:33 SmallProjectCOP4331 kernel:  do_page_fault+0x2c/0xe0
Jun 02 02:21:33 SmallProjectCOP4331 kernel:  do_async_page_fault+0x39/0x70
Jun 02 02:21:33 SmallProjectCOP4331 kernel:  async_page_fault+0x34/0x40
Jun 02 02:21:33 SmallProjectCOP4331 kernel: RIP: 0033:0x7effdd704bfb
Jun 02 02:21:33 SmallProjectCOP4331 kernel: Code: 47 20 c5 fe 7f 44 17 c0 c5 fe 7f 47 40 c5 fe 7f 44 17 a0 c5 fe 7f 47 60 c5 fe 7f 44 17 80 48 01 fa 48 83 e2 80 48 39 d1 74 ba <c5> fd 7f 01 c5 fd 7f 41 20 c5 fd 7f 41 40 c5 fd 7f 41 60 48 81 c1
Jun 02 02:21:33 SmallProjectCOP4331 kernel: RSP: 002b:00007ffee4778858 EFLAGS: 00010206
Jun 02 02:21:33 SmallProjectCOP4331 kernel: RAX: 00007effd1290040 RBX: 0000562bcc2ced80 RCX: 00007effd1699000
Jun 02 02:21:33 SmallProjectCOP4331 kernel: RDX: 00007effd1856400 RSI: 0000000000000000 RDI: 00007effd1290040
Jun 02 02:21:33 SmallProjectCOP4331 kernel: RBP: 00007ffee4778890 R08: 00007effd1290040 R09: 0000000000000000
Jun 02 02:21:33 SmallProjectCOP4331 kernel: R10: 0000000000000022 R11: 0000000000000246 R12: 00000000005c6400
Jun 02 02:21:33 SmallProjectCOP4331 kernel: R13: 0000000000000020 R14: 0000000000000020 R15: 00000000005c6400
Jun 02 02:21:33 SmallProjectCOP4331 kernel: Mem-Info:
Jun 02 02:21:33 SmallProjectCOP4331 kernel: active_anon:201066 inactive_anon:687 isolated_anon:0
                                             active_file:18 inactive_file:18 isolated_file:0
                                             unevictable:4640 dirty:1 writeback:0 unstable:0
                                             slab_reclaimable:5985 slab_unreclaimable:12177
                                             mapped:2702 shmem:900 pagetables:2618 bounce:0
                                             free:12185 free_pcp:62 free_cma:0
Jun 02 02:21:33 SmallProjectCOP4331 kernel: Node 0 active_anon:804264kB inactive_anon:2748kB active_file:72kB inactive_file:72kB unevictable:18560kB isolated(anon):0kB isolated(file):0kB mapped:10808kB dirty:4kB writeback:0kB shmem:3600kB shmem_thp: 0kB shmem_pmdmapped: 0kB anon_thp: 0kB writeback_tmp:0kB unstable:0kB all_unreclaimable? no
Jun 02 02:21:33 SmallProjectCOP4331 kernel: Node 0 DMA free:4444kB min:740kB low:924kB high:1108kB active_anon:10592kB inactive_anon:0kB active_file:0kB inactive_file:0kB unevictable:0kB writepending:0kB present:15992kB managed:15908kB mlocked:0kB kernel_stack:32kB pagetables:56kB bounce:0kB free_pcp:0kB local_pcp:0kB free_cma:0kB
Jun 02 02:21:33 SmallProjectCOP4331 kernel: lowmem_reserve[]: 0 927 927 927 927
Jun 02 02:21:33 SmallProjectCOP4331 kernel: Node 0 DMA32 free:44296kB min:44312kB low:55388kB high:66464kB active_anon:793672kB inactive_anon:2748kB active_file:72kB inactive_file:72kB unevictable:18560kB writepending:4kB present:1032032kB managed:984348kB mlocked:18560kB kernel_stack:4528kB pagetables:10416kB bounce:0kB free_pcp:248kB local_pcp:248kB free_cma:0kB
Jun 02 02:21:33 SmallProjectCOP4331 kernel: lowmem_reserve[]: 0 0 0 0 0
Jun 02 02:21:33 SmallProjectCOP4331 kernel: Node 0 DMA: 13*4kB (UE) 19*8kB (UME) 9*16kB (UME) 8*32kB (UE) 4*64kB (UE) 2*128kB (ME) 1*256kB (U) 2*512kB (ME) 2*1024kB (ME) 0*2048kB 0*4096kB = 4444kB
Jun 02 02:21:33 SmallProjectCOP4331 kernel: Node 0 DMA32: 648*4kB (UMEH) 415*8kB (UEH) 227*16kB (UMEH) 94*32kB (UEH) 38*64kB (UMEH) 13*128kB (UE) 28*256kB (UME) 14*512kB (UM) 1*1024kB (M) 4*2048kB (M) 1*4096kB (M) = 44296kB
Jun 02 02:21:33 SmallProjectCOP4331 kernel: Node 0 hugepages_total=0 hugepages_free=0 hugepages_surp=0 hugepages_size=1048576kB
Jun 02 02:21:33 SmallProjectCOP4331 kernel: Node 0 hugepages_total=0 hugepages_free=0 hugepages_surp=0 hugepages_size=2048kB
Jun 02 02:21:33 SmallProjectCOP4331 kernel: 3005 total pagecache pages
Jun 02 02:21:33 SmallProjectCOP4331 kernel: 0 pages in swap cache
Jun 02 02:21:33 SmallProjectCOP4331 kernel: Swap cache stats: add 0, delete 0, find 0/0
Jun 02 02:21:33 SmallProjectCOP4331 kernel: Free swap  = 0kB
Jun 02 02:21:33 SmallProjectCOP4331 kernel: Total swap = 0kB
Jun 02 02:21:33 SmallProjectCOP4331 kernel: 262006 pages RAM
Jun 02 02:21:33 SmallProjectCOP4331 kernel: 0 pages HighMem/MovableOnly
Jun 02 02:21:33 SmallProjectCOP4331 kernel: 11942 pages reserved
Jun 02 02:21:33 SmallProjectCOP4331 kernel: 0 pages cma reserved
Jun 02 02:21:33 SmallProjectCOP4331 kernel: 0 pages hwpoisoned
Jun 02 02:21:33 SmallProjectCOP4331 kernel: Tasks state (memory values in pages):
Jun 02 02:21:33 SmallProjectCOP4331 kernel: [  pid  ]   uid  tgid total_vm      rss pgtables_bytes swapents oom_score_adj name
Jun 02 02:21:33 SmallProjectCOP4331 kernel: [    337]     0   337    21291      915   184320        0          -250 systemd-journal
Jun 02 02:21:33 SmallProjectCOP4331 kernel: [    359]     0   359      622      144    45056        0             0 none
Jun 02 02:21:33 SmallProjectCOP4331 kernel: [    520]     0   520    70056     4506    94208        0         -1000 multipathd
Jun 02 02:21:33 SmallProjectCOP4331 kernel: [    556]   102   556    22786      647    81920        0             0 systemd-timesyn
Jun 02 02:21:33 SmallProjectCOP4331 kernel: [    616]   100   616     4834      722    77824        0             0 systemd-network
Jun 02 02:21:33 SmallProjectCOP4331 kernel: [    635]   101   635     6242     1321    94208        0             0 systemd-resolve
Jun 02 02:21:33 SmallProjectCOP4331 kernel: [    659]     0   659     5101      954    61440        0         -1000 systemd-udevd
Jun 02 02:21:33 SmallProjectCOP4331 kernel: [    723]     0   723    60236      285   102400        0             0 accounts-daemon
Jun 02 02:21:33 SmallProjectCOP4331 kernel: [    727]     0   727     2141      491    57344        0             0 cron
Jun 02 02:21:33 SmallProjectCOP4331 kernel: [    728]   103   728     1896      759    61440        0          -900 dbus-daemon
Jun 02 02:21:33 SmallProjectCOP4331 kernel: [    732]     0   732   324789      192   159744        0          -900 droplet-agent
Jun 02 02:21:33 SmallProjectCOP4331 kernel: [    741]     0   741     7471     2793    90112        0             0 networkd-dispat
Jun 02 02:21:33 SmallProjectCOP4331 kernel: [    743]     0   743    59083      897    98304        0             0 polkitd
Jun 02 02:21:33 SmallProjectCOP4331 kernel: [    745]   104   745    56086      483    77824        0             0 rsyslogd
Jun 02 02:21:33 SmallProjectCOP4331 kernel: [    750]     0   750   181953     3831   217088        0          -900 snapd
Jun 02 02:21:33 SmallProjectCOP4331 kernel: [    752]     0   752     4403      603    77824        0             0 systemd-logind
Jun 02 02:21:33 SmallProjectCOP4331 kernel: [    754]     0   754    98935      938   126976        0             0 udisksd
Jun 02 02:21:33 SmallProjectCOP4331 kernel: [    755]     0   755      955      529    45056        0             0 atd
Jun 02 02:21:33 SmallProjectCOP4331 kernel: [    756]     0   756    99344     3040   126976        0             0 f2b/server
Jun 02 02:21:33 SmallProjectCOP4331 kernel: [    776]     0   776     1838      440    53248        0             0 agetty
Jun 02 02:21:33 SmallProjectCOP4331 kernel: [    781]     0   781     1457      361    53248        0             0 agetty
Jun 02 02:21:33 SmallProjectCOP4331 kernel: [    815]     0   815     3050      839    61440        0         -1000 sshd
Jun 02 02:21:33 SmallProjectCOP4331 kernel: [    835]     0   835    79710      843   126976        0             0 ModemManager
Jun 02 02:21:33 SmallProjectCOP4331 kernel: [    852]     0   852    27094     2661   110592        0             0 unattended-upgr
Jun 02 02:21:33 SmallProjectCOP4331 kernel: [    855]     0   855    59707     2175   147456        0             0 apache2
Jun 02 02:21:33 SmallProjectCOP4331 kernel: [    876]    33   876    59820     1647   118784        0             0 apache2
Jun 02 02:21:33 SmallProjectCOP4331 kernel: [    877]    33   877    59817     1595   118784        0             0 apache2
Jun 02 02:21:33 SmallProjectCOP4331 kernel: [    878]    33   878    59808     1567   118784        0             0 apache2
Jun 02 02:21:33 SmallProjectCOP4331 kernel: [    881]    33   881    59808     1567   118784        0             0 apache2
Jun 02 02:21:33 SmallProjectCOP4331 kernel: [    882]    33   882    59808     1567   118784        0             0 apache2
Jun 02 02:21:33 SmallProjectCOP4331 kernel: [   1668]     0  1668     9517      268    61440        0             0 master
Jun 02 02:21:33 SmallProjectCOP4331 kernel: [   1671]   114  1671     9584      553    69632        0             0 pickup
Jun 02 02:21:33 SmallProjectCOP4331 kernel: [   1672]   114  1672     9597      530    69632        0             0 qmgr
Jun 02 02:21:33 SmallProjectCOP4331 kernel: [   1694]     0  1694     4835      919    81920        0             0 systemd
Jun 02 02:21:33 SmallProjectCOP4331 kernel: [   1695]     0  1695    26081      864    90112        0             0 (sd-pam)
Jun 02 02:21:33 SmallProjectCOP4331 kernel: [   1833]     0  1833      652      119    40960        0             0 sh
Jun 02 02:21:33 SmallProjectCOP4331 kernel: [   1843]     0  1843   213436    11425  1372160        0             0 node
Jun 02 02:21:33 SmallProjectCOP4331 kernel: [   1904]     0  1904   215278     6346  1245184        0             0 node
Jun 02 02:21:33 SmallProjectCOP4331 kernel: [   2357]     0  2357     3480      673    65536        0             0 sshd
Jun 02 02:21:33 SmallProjectCOP4331 kernel: [   3136]     0  3136   227196    22487  2187264        0             0 node
Jun 02 02:21:33 SmallProjectCOP4331 kernel: [   3147]     0  3147   209418     2412   716800        0             0 node
Jun 02 02:21:33 SmallProjectCOP4331 kernel: [   3370]    33  3370    59808     1573   118784        0             0 apache2
Jun 02 02:21:33 SmallProjectCOP4331 kernel: [   3510]     0  3510     2560      479    57344        0             0 cron
Jun 02 02:21:33 SmallProjectCOP4331 kernel: [   3520]     0  3520      652      107    45056        0             0 sh
Jun 02 02:21:33 SmallProjectCOP4331 kernel: [   3521]     0  3521      624      124    45056        0             0 run-parts
Jun 02 02:21:33 SmallProjectCOP4331 kernel: [   3522]     0  3522      652      102    45056        0             0 droplet-agent
Jun 02 02:21:33 SmallProjectCOP4331 kernel: [   3524]     0  3524     2187      513    57344        0             0 bash
Jun 02 02:21:33 SmallProjectCOP4331 kernel: [   3526]     0  3526     1807      344    49152        0             0 sleep
Jun 02 02:21:33 SmallProjectCOP4331 kernel: [   3591]     0  3591     3480      759    69632        0             0 sshd
Jun 02 02:21:33 SmallProjectCOP4331 kernel: [   3695]     0  3695     2220      569    53248        0             0 bash
Jun 02 02:21:33 SmallProjectCOP4331 kernel: [   3747]     0  3747     1807       35    49152        0             0 sleep
Jun 02 02:21:33 SmallProjectCOP4331 kernel: [   3770]     0  3770   228617    23798  2412544        0             0 node
Jun 02 02:21:33 SmallProjectCOP4331 kernel: [   3790]     0  3790   209418     2361   729088        0             0 node
Jun 02 02:21:33 SmallProjectCOP4331 kernel: [   4036]     0  4036     2273      679    49152        0             0 bash
Jun 02 02:21:33 SmallProjectCOP4331 kernel: [   4053]     0  4053     3050      659    69632        0             0 sshd
Jun 02 02:21:33 SmallProjectCOP4331 kernel: [   4076]   109  4076     3050      363    65536        0             0 sshd
Jun 02 02:21:33 SmallProjectCOP4331 kernel: [   4127]     0  4127     3050      738    65536        0             0 sshd
Jun 02 02:21:33 SmallProjectCOP4331 kernel: [   4210]     0  4210     3481      992    65536        0             0 sshd
Jun 02 02:21:33 SmallProjectCOP4331 kernel: [   4299]     0  4299     5101      512    57344        0             0 systemd-udevd
Jun 02 02:21:33 SmallProjectCOP4331 kernel: [   4300]     0  4300     5101      714    57344        0             0 systemd-udevd
Jun 02 02:21:33 SmallProjectCOP4331 kernel: [   4309]     0  4309   159150    18010  1376256        0             0 node
Jun 02 02:21:33 SmallProjectCOP4331 kernel: [   4316]     0  4316   166812    16990  1384448        0             0 node
Jun 02 02:21:33 SmallProjectCOP4331 kernel: [   4343]     0  4343     5101      463    57344        0             0 systemd-udevd
Jun 02 02:21:33 SmallProjectCOP4331 kernel: [   4344]     0  4344     5101      463    57344        0             0 systemd-udevd
Jun 02 02:21:33 SmallProjectCOP4331 kernel: [   4345]     0  4345     5101      463    57344        0             0 systemd-udevd
Jun 02 02:21:33 SmallProjectCOP4331 kernel: [   4346]     0  4346     5101      463    57344        0             0 systemd-udevd
Jun 02 02:21:33 SmallProjectCOP4331 kernel: [   4347]     0  4347     5101      512    57344        0             0 systemd-udevd
Jun 02 02:21:33 SmallProjectCOP4331 kernel: [   4348]     0  4348     5101      512    57344        0             0 systemd-udevd
Jun 02 02:21:33 SmallProjectCOP4331 kernel: [   4349]     0  4349     5101      463    57344        0             0 systemd-udevd
Jun 02 02:21:33 SmallProjectCOP4331 kernel: [   4350]     0  4350     5101      463    57344        0             0 systemd-udevd
Jun 02 02:21:33 SmallProjectCOP4331 kernel: [   4392]     0  4392   149092     4657   704512        0             0 node
Jun 02 02:21:33 SmallProjectCOP4331 kernel: [   4431]     0  4431    87776     9236   454656        0             0 node
Jun 02 02:21:33 SmallProjectCOP4331 kernel: [   4432]     0  4432    87734     9323   475136        0             0 node
Jun 02 02:21:33 SmallProjectCOP4331 kernel: [   4449]     0  4449     3307      901    65536        0             0 sshd
Jun 02 02:21:33 SmallProjectCOP4331 kernel: [   4457]   109  4457     3050      515    61440        0             0 sshd
Jun 02 02:21:33 SmallProjectCOP4331 kernel: [   4458]   113  4458    76731    50362   581632        0             0 mysqld
Jun 02 02:21:33 SmallProjectCOP4331 kernel: oom-kill:constraint=CONSTRAINT_NONE,nodemask=(null),cpuset=/,mems_allowed=0,global_oom,task_memcg=/system.slice/mysql.service,task=mysqld,pid=4458,uid=113
Jun 02 02:21:33 SmallProjectCOP4331 kernel: Out of memory: Killed process 4458 (mysqld) total-vm:306924kB, anon-rss:199188kB, file-rss:2260kB, shmem-rss:0kB, UID:113 pgtables:568kB oom_score_adj:0
Jun 02 02:21:33 SmallProjectCOP4331 systemd[1]: mysql.service: Main process exited, code=killed, status=9/KILL
-- Subject: Unit process exited
-- Defined-By: systemd
-- Support: http://www.ubuntu.com/support
-- 
-- An ExecStart= process belonging to unit mysql.service has exited.
-- 
-- The process' exit code is 'killed' and its exit status is 9.
Jun 02 02:21:33 SmallProjectCOP4331 systemd[1]: mysql.service: Failed with result 'signal'.
-- Subject: Unit failed
-- Defined-By: systemd
-- Support: http://www.ubuntu.com/support
-- 
-- The unit mysql.service has entered the 'failed' state with result 'signal'.
Jun 02 02:21:33 SmallProjectCOP4331 systemd[1]: Failed to start MySQL Community Server.
-- Subject: A start job for unit mysql.service has failed
-- Defined-By: systemd
-- Support: http://www.ubuntu.com/support
-- 
-- A start job for unit mysql.service has finished with a failure.
-- 
-- The job identifier is 2783 and the job result is failed.
Jun 02 02:21:34 SmallProjectCOP4331 systemd[1]: mysql.service: Scheduled restart job, restart counter is at 5.
-- Subject: Automatic restarting of a unit has been scheduled
-- Defined-By: systemd
-- Support: http://www.ubuntu.com/support
-- 
-- Automatic restarting of the unit mysql.service has been scheduled, as the result for
-- the configured Restart= setting for the unit.
Jun 02 02:21:34 SmallProjectCOP4331 systemd[1]: Stopped MySQL Community Server.
-- Subject: A stop job for unit mysql.service has finished
-- Defined-By: systemd
-- Support: http://www.ubuntu.com/support
-- 
-- A stop job for unit mysql.service has finished.
-- 
-- The job identifier is 2868 and the job result is done.
Jun 02 02:21:34 SmallProjectCOP4331 systemd[1]: Starting MySQL Community Server...
-- Subject: A start job for unit mysql.service has begun execution
-- Defined-By: systemd
-- Support: http://www.ubuntu.com/support
-- 
-- A start job for unit mysql.service has begun execution.
-- 
-- The job identifier is 2868.
Jun 02 02:21:34 SmallProjectCOP4331 kernel: mysqld invoked oom-killer: gfp_mask=0x100dca(GFP_HIGHUSER_MOVABLE|__GFP_ZERO), order=0, oom_score_adj=0
Jun 02 02:21:34 SmallProjectCOP4331 kernel: CPU: 0 PID: 4467 Comm: mysqld Not tainted 5.4.0-149-generic #166-Ubuntu
Jun 02 02:21:34 SmallProjectCOP4331 kernel: Hardware name: DigitalOcean Droplet/Droplet, BIOS 20171212 12/12/2017
Jun 02 02:21:34 SmallProjectCOP4331 kernel: Call Trace:
Jun 02 02:21:34 SmallProjectCOP4331 kernel:  dump_stack+0x6d/0x8b
Jun 02 02:21:34 SmallProjectCOP4331 kernel:  dump_header+0x4f/0x1eb
Jun 02 02:21:34 SmallProjectCOP4331 kernel:  oom_kill_process.cold+0xb/0x10
Jun 02 02:21:34 SmallProjectCOP4331 kernel:  out_of_memory+0x1cf/0x500
Jun 02 02:21:34 SmallProjectCOP4331 kernel:  __alloc_pages_slowpath+0xdde/0xeb0
Jun 02 02:21:34 SmallProjectCOP4331 kernel:  __alloc_pages_nodemask+0x2d0/0x320
Jun 02 02:21:34 SmallProjectCOP4331 kernel:  alloc_pages_vma+0x7f/0x220
Jun 02 02:21:34 SmallProjectCOP4331 kernel:  do_anonymous_page+0x118/0x650
Jun 02 02:21:34 SmallProjectCOP4331 kernel:  __handle_mm_fault+0x760/0x7a0
Jun 02 02:21:34 SmallProjectCOP4331 kernel:  handle_mm_fault+0xca/0x200
Jun 02 02:21:34 SmallProjectCOP4331 kernel:  do_user_addr_fault+0x1f9/0x450
Jun 02 02:21:34 SmallProjectCOP4331 kernel:  __do_page_fault+0x58/0x90
Jun 02 02:21:34 SmallProjectCOP4331 kernel:  do_page_fault+0x2c/0xe0
Jun 02 02:21:34 SmallProjectCOP4331 kernel:  do_async_page_fault+0x39/0x70
Jun 02 02:21:34 SmallProjectCOP4331 kernel:  async_page_fault+0x34/0x40
Jun 02 02:21:34 SmallProjectCOP4331 kernel: RIP: 0033:0x7f6458f52bfb
Jun 02 02:21:34 SmallProjectCOP4331 kernel: Code: 47 20 c5 fe 7f 44 17 c0 c5 fe 7f 47 40 c5 fe 7f 44 17 a0 c5 fe 7f 47 60 c5 fe 7f 44 17 80 48 01 fa 48 83 e2 80 48 39 d1 74 ba <c5> fd 7f 01 c5 fd 7f 41 20 c5 fd 7f 41 40 c5 fd 7f 41 60 48 81 c1
Jun 02 02:21:34 SmallProjectCOP4331 kernel: RSP: 002b:00007ffc9b545628 EFLAGS: 00010206
Jun 02 02:21:34 SmallProjectCOP4331 kernel: RAX: 00007f644d7d9040 RBX: 0000556ef8751940 RCX: 00007f644db25000
Jun 02 02:21:34 SmallProjectCOP4331 kernel: RDX: 00007f644dd9f400 RSI: 0000000000000000 RDI: 00007f644d7d9040
Jun 02 02:21:34 SmallProjectCOP4331 kernel: RBP: 00007ffc9b545660 R08: 00007f644d7d9040 R09: 0000000000000000
Jun 02 02:21:34 SmallProjectCOP4331 kernel: R10: 0000000000000022 R11: 0000000000000246 R12: 00000000005c6400
Jun 02 02:21:34 SmallProjectCOP4331 kernel: R13: 0000000000000020 R14: 0000000000000020 R15: 00000000005c6400
Jun 02 02:21:34 SmallProjectCOP4331 kernel: Mem-Info:
Jun 02 02:21:34 SmallProjectCOP4331 kernel: active_anon:201064 inactive_anon:688 isolated_anon:0
                                             active_file:23 inactive_file:19 isolated_file:0
                                             unevictable:4640 dirty:4 writeback:0 unstable:0
                                             slab_reclaimable:6007 slab_unreclaimable:12174
                                             mapped:2704 shmem:901 pagetables:2623 bounce:0
                                             free:12139 free_pcp:62 free_cma:0
Jun 02 02:21:34 SmallProjectCOP4331 kernel: Node 0 active_anon:804256kB inactive_anon:2752kB active_file:92kB inactive_file:76kB unevictable:18560kB isolated(anon):0kB isolated(file):0kB mapped:10816kB dirty:16kB writeback:0kB shmem:3604kB shmem_thp: 0kB shmem_pmdmapped: 0kB anon_thp: 0kB writeback_tmp:0kB unstable:0kB all_unreclaimable? no
Jun 02 02:21:34 SmallProjectCOP4331 kernel: Node 0 DMA free:4444kB min:740kB low:924kB high:1108kB active_anon:10592kB inactive_anon:0kB active_file:0kB inactive_file:0kB unevictable:0kB writepending:0kB present:15992kB managed:15908kB mlocked:0kB kernel_stack:32kB pagetables:56kB bounce:0kB free_pcp:0kB local_pcp:0kB free_cma:0kB
Jun 02 02:21:34 SmallProjectCOP4331 kernel: lowmem_reserve[]: 0 927 927 927 927
Jun 02 02:21:34 SmallProjectCOP4331 kernel: Node 0 DMA32 free:44112kB min:44312kB low:55388kB high:66464kB active_anon:793628kB inactive_anon:2752kB active_file:92kB inactive_file:76kB unevictable:18560kB writepending:0kB present:1032032kB managed:984348kB mlocked:18560kB kernel_stack:4524kB pagetables:10436kB bounce:0kB free_pcp:248kB local_pcp:248kB free_cma:0kB
Jun 02 02:21:34 SmallProjectCOP4331 kernel: lowmem_reserve[]: 0 0 0 0 0
Jun 02 02:21:34 SmallProjectCOP4331 kernel: Node 0 DMA: 13*4kB (UE) 19*8kB (UME) 9*16kB (UME) 8*32kB (UE) 4*64kB (UE) 2*128kB (ME) 1*256kB (U) 2*512kB (ME) 2*1024kB (ME) 0*2048kB 0*4096kB = 4444kB
Jun 02 02:21:34 SmallProjectCOP4331 kernel: Node 0 DMA32: 592*4kB (UEH) 420*8kB (UMEH) 231*16kB (UMEH) 94*32kB (UMEH) 37*64kB (UEH) 13*128kB (UE) 28*256kB (UME) 14*512kB (UM) 1*1024kB (M) 4*2048kB (M) 1*4096kB (M) = 44112kB
Jun 02 02:21:34 SmallProjectCOP4331 kernel: Node 0 hugepages_total=0 hugepages_free=0 hugepages_surp=0 hugepages_size=1048576kB
Jun 02 02:21:34 SmallProjectCOP4331 kernel: Node 0 hugepages_total=0 hugepages_free=0 hugepages_surp=0 hugepages_size=2048kB
Jun 02 02:21:34 SmallProjectCOP4331 kernel: 3007 total pagecache pages
Jun 02 02:21:34 SmallProjectCOP4331 kernel: 0 pages in swap cache
Jun 02 02:21:34 SmallProjectCOP4331 kernel: Swap cache stats: add 0, delete 0, find 0/0
Jun 02 02:21:34 SmallProjectCOP4331 kernel: Free swap  = 0kB
Jun 02 02:21:34 SmallProjectCOP4331 kernel: Total swap = 0kB
Jun 02 02:21:34 SmallProjectCOP4331 kernel: 262006 pages RAM
Jun 02 02:21:34 SmallProjectCOP4331 kernel: 0 pages HighMem/MovableOnly
Jun 02 02:21:34 SmallProjectCOP4331 kernel: 11942 pages reserved
Jun 02 02:21:34 SmallProjectCOP4331 kernel: 0 pages cma reserved
Jun 02 02:21:34 SmallProjectCOP4331 kernel: 0 pages hwpoisoned
Jun 02 02:21:34 SmallProjectCOP4331 kernel: Tasks state (memory values in pages):
Jun 02 02:21:34 SmallProjectCOP4331 kernel: [  pid  ]   uid  tgid total_vm      rss pgtables_bytes swapents oom_score_adj name
Jun 02 02:21:34 SmallProjectCOP4331 kernel: [    337]     0   337    21291     1000   184320        0          -250 systemd-journal
Jun 02 02:21:34 SmallProjectCOP4331 kernel: [    359]     0   359      622      144    45056        0             0 none
Jun 02 02:21:34 SmallProjectCOP4331 kernel: [    520]     0   520    70056     4506    94208        0         -1000 multipathd
Jun 02 02:21:34 SmallProjectCOP4331 kernel: [    556]   102   556    22786      647    81920        0             0 systemd-timesyn
Jun 02 02:21:34 SmallProjectCOP4331 kernel: [    616]   100   616     4834      722    77824        0             0 systemd-network
Jun 02 02:21:34 SmallProjectCOP4331 kernel: [    635]   101   635     6242     1321    94208        0             0 systemd-resolve
Jun 02 02:21:34 SmallProjectCOP4331 kernel: [    659]     0   659     5101      845    61440        0         -1000 systemd-udevd
Jun 02 02:21:34 SmallProjectCOP4331 kernel: [    723]     0   723    60236      259   102400        0             0 accounts-daemon
Jun 02 02:21:34 SmallProjectCOP4331 kernel: [    727]     0   727     2141      491    57344        0             0 cron
Jun 02 02:21:34 SmallProjectCOP4331 kernel: [    728]   103   728     1896      656    61440        0          -900 dbus-daemon
Jun 02 02:21:34 SmallProjectCOP4331 kernel: [    732]     0   732   324789      192   159744        0          -900 droplet-agent
Jun 02 02:21:34 SmallProjectCOP4331 kernel: [    741]     0   741     7471     2793    90112        0             0 networkd-dispat
Jun 02 02:21:34 SmallProjectCOP4331 kernel: [    743]     0   743    59083      897    98304        0             0 polkitd
Jun 02 02:21:34 SmallProjectCOP4331 kernel: [    745]   104   745    56086      404    77824        0             0 rsyslogd
Jun 02 02:21:34 SmallProjectCOP4331 kernel: [    750]     0   750   181953     3856   217088        0          -900 snapd
Jun 02 02:21:34 SmallProjectCOP4331 kernel: [    752]     0   752     4403      336    77824        0             0 systemd-logind
Jun 02 02:21:34 SmallProjectCOP4331 kernel: [    754]     0   754    98935      938   126976        0             0 udisksd
Jun 02 02:21:34 SmallProjectCOP4331 kernel: [    755]     0   755      955      529    45056        0             0 atd
Jun 02 02:21:34 SmallProjectCOP4331 kernel: [    756]     0   756    99344     3340   126976        0             0 f2b/server
Jun 02 02:21:34 SmallProjectCOP4331 kernel: [    776]     0   776     1838      440    53248        0             0 agetty
Jun 02 02:21:34 SmallProjectCOP4331 kernel: [    781]     0   781     1457      361    53248        0             0 agetty
Jun 02 02:21:34 SmallProjectCOP4331 kernel: [    815]     0   815     3050      839    61440        0         -1000 sshd
Jun 02 02:21:34 SmallProjectCOP4331 kernel: [    835]     0   835    79710      843   126976        0             0 ModemManager
Jun 02 02:21:34 SmallProjectCOP4331 kernel: [    852]     0   852    27094     2661   110592        0             0 unattended-upgr
Jun 02 02:21:34 SmallProjectCOP4331 kernel: [    855]     0   855    59707     2503   147456        0             0 apache2
Jun 02 02:21:34 SmallProjectCOP4331 kernel: [    876]    33   876    59820     1647   118784        0             0 apache2
Jun 02 02:21:34 SmallProjectCOP4331 kernel: [    877]    33   877    59817     1595   118784        0             0 apache2
Jun 02 02:21:34 SmallProjectCOP4331 kernel: [    878]    33   878    59808     1567   118784        0             0 apache2
Jun 02 02:21:34 SmallProjectCOP4331 kernel: [    881]    33   881    59808     1567   118784        0             0 apache2
Jun 02 02:21:34 SmallProjectCOP4331 kernel: [    882]    33   882    59808     1567   118784        0             0 apache2
Jun 02 02:21:34 SmallProjectCOP4331 kernel: [   1668]     0  1668     9517      268    61440        0             0 master
Jun 02 02:21:34 SmallProjectCOP4331 kernel: [   1671]   114  1671     9584      553    69632        0             0 pickup
Jun 02 02:21:34 SmallProjectCOP4331 kernel: [   1672]   114  1672     9597      530    69632        0             0 qmgr
Jun 02 02:21:34 SmallProjectCOP4331 kernel: [   1694]     0  1694     4835      919    81920        0             0 systemd
Jun 02 02:21:34 SmallProjectCOP4331 kernel: [   1695]     0  1695    26081      864    90112        0             0 (sd-pam)
Jun 02 02:21:34 SmallProjectCOP4331 kernel: [   1833]     0  1833      652      119    40960        0             0 sh
Jun 02 02:21:34 SmallProjectCOP4331 kernel: [   1843]     0  1843   213436    11431  1372160        0             0 node
Jun 02 02:21:34 SmallProjectCOP4331 kernel: [   1904]     0  1904   215278     6395  1245184        0             0 node
Jun 02 02:21:34 SmallProjectCOP4331 kernel: [   2357]     0  2357     3480      673    65536        0             0 sshd
Jun 02 02:21:34 SmallProjectCOP4331 kernel: [   3136]     0  3136   227196    22487  2187264        0             0 node
Jun 02 02:21:34 SmallProjectCOP4331 kernel: [   3147]     0  3147   209418     2412   716800        0             0 node
Jun 02 02:21:34 SmallProjectCOP4331 kernel: [   3370]    33  3370    59808     1573   118784        0             0 apache2
Jun 02 02:21:34 SmallProjectCOP4331 kernel: [   3510]     0  3510     2560      479    57344        0             0 cron
Jun 02 02:21:34 SmallProjectCOP4331 kernel: [   3520]     0  3520      652      107    45056        0             0 sh
Jun 02 02:21:34 SmallProjectCOP4331 kernel: [   3521]     0  3521      624      124    45056        0             0 run-parts
Jun 02 02:21:34 SmallProjectCOP4331 kernel: [   3522]     0  3522      652      102    45056        0             0 droplet-agent
Jun 02 02:21:34 SmallProjectCOP4331 kernel: [   3524]     0  3524     2187      513    57344        0             0 bash
Jun 02 02:21:34 SmallProjectCOP4331 kernel: [   3526]     0  3526     1807      344    49152        0             0 sleep
Jun 02 02:21:34 SmallProjectCOP4331 kernel: [   3591]     0  3591     3480      759    69632        0             0 sshd
Jun 02 02:21:34 SmallProjectCOP4331 kernel: [   3695]     0  3695     2220      569    53248        0             0 bash
Jun 02 02:21:34 SmallProjectCOP4331 kernel: [   3747]     0  3747     1807       35    49152        0             0 sleep
Jun 02 02:21:34 SmallProjectCOP4331 kernel: [   3770]     0  3770   228617    23800  2412544        0             0 node
Jun 02 02:21:34 SmallProjectCOP4331 kernel: [   3790]     0  3790   209418     2361   729088        0             0 node
Jun 02 02:21:34 SmallProjectCOP4331 kernel: [   4036]     0  4036     2273      679    49152        0             0 bash
Jun 02 02:21:34 SmallProjectCOP4331 kernel: [   4053]     0  4053     3050      659    69632        0             0 sshd
Jun 02 02:21:34 SmallProjectCOP4331 kernel: [   4076]   109  4076     3050      363    65536        0             0 sshd
Jun 02 02:21:34 SmallProjectCOP4331 kernel: [   4127]     0  4127     3050      738    65536        0             0 sshd
Jun 02 02:21:34 SmallProjectCOP4331 kernel: [   4210]     0  4210     3481      992    65536        0             0 sshd
Jun 02 02:21:34 SmallProjectCOP4331 kernel: [   4299]     0  4299     5101      512    57344        0             0 systemd-udevd
Jun 02 02:21:34 SmallProjectCOP4331 kernel: [   4300]     0  4300     5101      597    57344        0             0 systemd-udevd
Jun 02 02:21:34 SmallProjectCOP4331 kernel: [   4309]     0  4309   159790    18716  1482752        0             0 node
Jun 02 02:21:34 SmallProjectCOP4331 kernel: [   4316]     0  4316   167004    17505  1413120        0             0 node
Jun 02 02:21:34 SmallProjectCOP4331 kernel: [   4343]     0  4343     5101      698    57344        0             0 systemd-udevd
Jun 02 02:21:34 SmallProjectCOP4331 kernel: [   4344]     0  4344     5101      698    57344        0             0 systemd-udevd
Jun 02 02:21:34 SmallProjectCOP4331 kernel: [   4345]     0  4345     5101      704    57344        0             0 systemd-udevd
Jun 02 02:21:34 SmallProjectCOP4331 kernel: [   4346]     0  4346     5101      661    57344        0             0 systemd-udevd
Jun 02 02:21:34 SmallProjectCOP4331 kernel: [   4347]     0  4347     5101      512    57344        0             0 systemd-udevd
Jun 02 02:21:34 SmallProjectCOP4331 kernel: [   4348]     0  4348     5101      463    57344        0             0 systemd-udevd
Jun 02 02:21:34 SmallProjectCOP4331 kernel: [   4349]     0  4349     5101      661    57344        0             0 systemd-udevd
Jun 02 02:21:34 SmallProjectCOP4331 kernel: [   4350]     0  4350     5101      661    57344        0             0 systemd-udevd
Jun 02 02:21:34 SmallProjectCOP4331 kernel: [   4392]     0  4392   149092     4657   704512        0             0 node
Jun 02 02:21:34 SmallProjectCOP4331 kernel: [   4431]     0  4431    89837    11338   471040        0             0 node
Jun 02 02:21:34 SmallProjectCOP4331 kernel: [   4432]     0  4432    89722    11188   491520        0             0 node
Jun 02 02:21:34 SmallProjectCOP4331 kernel: [   4449]     0  4449     3307      901    65536        0             0 sshd
Jun 02 02:21:34 SmallProjectCOP4331 kernel: [   4457]   109  4457     3050      515    61440        0             0 sshd
Jun 02 02:21:34 SmallProjectCOP4331 kernel: [   4467]   113  4467    71743    45138   536576        0             0 mysqld
Jun 02 02:21:34 SmallProjectCOP4331 kernel: oom-kill:constraint=CONSTRAINT_NONE,nodemask=(null),cpuset=/,mems_allowed=0,global_oom,task_memcg=/system.slice/mysql.service,task=mysqld,pid=4467,uid=113
Jun 02 02:21:34 SmallProjectCOP4331 kernel: Out of memory: Killed process 4467 (mysqld) total-vm:286972kB, anon-rss:178332kB, file-rss:2220kB, shmem-rss:0kB, UID:113 pgtables:524kB oom_score_adj:0
Jun 02 02:21:34 SmallProjectCOP4331 systemd[1]: mysql.service: Main process exited, code=killed, status=9/KILL
-- Subject: Unit process exited
-- Defined-By: systemd
-- Support: http://www.ubuntu.com/support
-- 
-- An ExecStart= process belonging to unit mysql.service has exited.
-- 
-- The process' exit code is 'killed' and its exit status is 9.
Jun 02 02:21:34 SmallProjectCOP4331 systemd[1]: mysql.service: Failed with result 'signal'.
-- Subject: Unit failed
-- Defined-By: systemd
-- Support: http://www.ubuntu.com/support
-- 
-- The unit mysql.service has entered the 'failed' state with result 'signal'.
Jun 02 02:21:34 SmallProjectCOP4331 systemd[1]: Failed to start MySQL Community Server.
-- Subject: A start job for unit mysql.service has failed
-- Defined-By: systemd
-- Support: http://www.ubuntu.com/support
-- 
-- A start job for unit mysql.service has finished with a failure.
-- 
-- The job identifier is 2868 and the job result is failed.
Jun 02 02:21:34 SmallProjectCOP4331 systemd[1]: mysql.service: Scheduled restart job, restart counter is at 6.
-- Subject: Automatic restarting of a unit has been scheduled
-- Defined-By: systemd
-- Support: http://www.ubuntu.com/support
-- 
-- Automatic restarting of the unit mysql.service has been scheduled, as the result for
-- the configured Restart= setting for the unit.
Jun 02 02:21:34 SmallProjectCOP4331 systemd[1]: Stopped MySQL Community Server.
-- Subject: A stop job for unit mysql.service has finished
-- Defined-By: systemd
-- Support: http://www.ubuntu.com/support
-- 
-- A stop job for unit mysql.service has finished.
-- 
-- The job identifier is 2953 and the job result is done.
Jun 02 02:21:34 SmallProjectCOP4331 systemd[1]: mysql.service: Start request repeated too quickly.
Jun 02 02:21:34 SmallProjectCOP4331 systemd[1]: mysql.service: Failed with result 'signal'.
-- Subject: Unit failed
-- Defined-By: systemd
-- Support: http://www.ubuntu.com/support
-- 
-- The unit mysql.service has entered the 'failed' state with result 'signal'.
Jun 02 02:21:34 SmallProjectCOP4331 systemd[1]: Failed to start MySQL Community Server.
-- Subject: A start job for unit mysql.service has failed
-- Defined-By: systemd
-- Support: http://www.ubuntu.com/support
-- 
-- A start job for unit mysql.service has finished with a failure.
-- 
-- The job identifier is 2953 and the job result is failed.
Jun 02 02:21:35 SmallProjectCOP4331 sshd[4449]: Failed password for root from 146.190.65.27 port 50752 ssh2
Jun 02 02:21:36 SmallProjectCOP4331 kernel: [UFW BLOCK] IN=eth0 OUT= MAC=da:25:8c:38:c0:c1:fe:00:00:00:01:01:08:00 SRC=162.216.149.85 DST=10.10.0.5 LEN=44 TOS=0x00 PREC=0x60 TTL=250 ID=54321 PROTO=TCP SPT=50325 DPT=8062 WINDOW=65535 RES=0x00 SYN URGP=0 
Jun 02 02:21:37 SmallProjectCOP4331 sshd[4449]: Received disconnect from 146.190.65.27 port 50752:11: Bye Bye [preauth]
Jun 02 02:21:37 SmallProjectCOP4331 sshd[4449]: Disconnected from authenticating user root 146.190.65.27 port 50752 [preauth]
Jun 02 02:21:45 SmallProjectCOP4331 kernel: [UFW BLOCK] IN=eth0 OUT= MAC=da:25:8c:38:c0:c1:fe:00:00:00:01:01:08:00 SRC=45.79.109.236 DST=10.10.0.5 LEN=44 TOS=0x00 PREC=0x00 TTL=240 ID=54321 PROTO=TCP SPT=43986 DPT=7070 WINDOW=65535 RES=0x00 SYN URGP=0 
Jun 02 02:21:46 SmallProjectCOP4331 kernel: [UFW BLOCK] IN=eth0 OUT= MAC=da:25:8c:38:c0:c1:fe:00:00:00:01:01:08:00 SRC=120.48.107.54 DST=10.10.0.5 LEN=60 TOS=0x00 PREC=0x00 TTL=42 ID=28572 DF PROTO=TCP SPT=44368 DPT=6379 WINDOW=29200 RES=0x00 SYN URGP=0 
Jun 02 02:21:55 SmallProjectCOP4331 kernel: [UFW BLOCK] IN=eth0 OUT= MAC=da:25:8c:38:c0:c1:fe:00:00:00:01:01:08:00 SRC=162.216.149.68 DST=10.10.0.5 LEN=44 TOS=0x00 PREC=0x00 TTL=59 ID=54321 PROTO=TCP SPT=57302 DPT=46022 WINDOW=65535 RES=0x00 SYN URGP=0 
Jun 02 02:21:56 SmallProjectCOP4331 kernel: [UFW BLOCK] IN=eth0 OUT= MAC=da:25:8c:38:c0:c1:fe:00:00:00:01:01:08:00 SRC=64.62.197.29 DST=10.10.0.5 LEN=40 TOS=0x00 PREC=0x00 TTL=245 ID=54321 PROTO=TCP SPT=50813 DPT=7443 WINDOW=65535 RES=0x00 SYN URGP=0 
Jun 02 02:21:57 SmallProjectCOP4331 kernel: [UFW BLOCK] IN=eth0 OUT= MAC=da:25:8c:38:c0:c1:fe:00:00:00:01:01:08:00 SRC=94.102.61.38 DST=143.198.113.151 LEN=40 TOS=0x00 PREC=0x00 TTL=245 ID=54321 PROTO=TCP SPT=53920 DPT=4430 WINDOW=65535 RES=0x00 SYN URGP=0 
Jun 02 02:21:58 SmallProjectCOP4331 sshd[4492]: pam_unix(sshd:auth): authentication failure; logname= uid=0 euid=0 tty=ssh ruser= rhost=89.218.94.98  user=root
Jun 02 02:22:00 SmallProjectCOP4331 sshd[4492]: Failed password for root from 89.218.94.98 port 35274 ssh2
Jun 02 02:22:01 SmallProjectCOP4331 sshd[4492]: Received disconnect from 89.218.94.98 port 35274:11: Bye Bye [preauth]
Jun 02 02:22:01 SmallProjectCOP4331 sshd[4492]: Disconnected from authenticating user root 89.218.94.98 port 35274 [preauth]
Jun 02 02:22:02 SmallProjectCOP4331 kernel: [UFW BLOCK] IN=eth0 OUT= MAC=da:25:8c:38:c0:c1:fe:00:00:00:01:01:08:00 SRC=198.199.110.88 DST=10.10.0.5 LEN=40 TOS=0x00 PREC=0x00 TTL=247 ID=54321 PROTO=TCP SPT=40813 DPT=1028 WINDOW=65535 RES=0x00 SYN URGP=0 
Jun 02 02:22:02 SmallProjectCOP4331 kernel: [UFW BLOCK] IN=eth0 OUT= MAC=da:25:8c:38:c0:c1:fe:00:00:00:01:01:08:00 SRC=176.111.174.95 DST=10.10.0.5 LEN=40 TOS=0x00 PREC=0x00 TTL=243 ID=61675 PROTO=TCP SPT=42436 DPT=3611 WINDOW=1024 RES=0x00 SYN URGP=0 
Jun 02 02:22:07 SmallProjectCOP4331 kernel: [UFW BLOCK] IN=eth0 OUT= MAC=da:25:8c:38:c0:c1:fe:00:00:00:01:01:08:00 SRC=89.248.163.246 DST=143.198.113.151 LEN=40 TOS=0x00 PREC=0x00 TTL=247 ID=42721 PROTO=TCP SPT=58965 DPT=50313 WINDOW=1024 RES=0x00 SYN URGP=0 
Jun 02 02:22:10 SmallProjectCOP4331 kernel: [UFW BLOCK] IN=eth0 OUT= MAC=da:25:8c:38:c0:c1:fe:00:00:00:01:01:08:00 SRC=162.142.125.251 DST=143.198.113.151 LEN=44 TOS=0x00 PREC=0x00 TTL=43 ID=63352 PROTO=TCP SPT=36224 DPT=50206 WINDOW=1024 RES=0x00 SYN URGP=0 
Jun 02 02:22:12 SmallProjectCOP4331 kernel: [UFW BLOCK] IN=eth0 OUT= MAC=da:25:8c:38:c0:c1:fe:00:00:00:01:01:08:00 SRC=92.63.197.131 DST=10.10.0.5 LEN=40 TOS=0x00 PREC=0x00 TTL=247 ID=42684 PROTO=TCP SPT=54161 DPT=56530 WINDOW=1024 RES=0x00 SYN URGP=0 
Jun 02 02:22:16 SmallProjectCOP4331 sshd[4503]: Invalid user Sujan from 46.148.41.186 port 60172
Jun 02 02:22:16 SmallProjectCOP4331 sshd[4503]: pam_unix(sshd:auth): check pass; user unknown
Jun 02 02:22:16 SmallProjectCOP4331 sshd[4503]: pam_unix(sshd:auth): authentication failure; logname= uid=0 euid=0 tty=ssh ruser= rhost=46.148.41.186
Jun 02 02:22:18 SmallProjectCOP4331 sshd[4503]: Failed password for invalid user Sujan from 46.148.41.186 port 60172 ssh2
Jun 02 02:22:19 SmallProjectCOP4331 kernel: [UFW BLOCK] IN=eth0 OUT= MAC=da:25:8c:38:c0:c1:fe:00:00:00:01:01:08:00 SRC=94.102.61.38 DST=143.198.113.151 LEN=40 TOS=0x00 PREC=0x00 TTL=245 ID=54321 PROTO=TCP SPT=46255 DPT=4431 WINDOW=65535 RES=0x00 SYN URGP=0 
Jun 02 02:22:19 SmallProjectCOP4331 sshd[4503]: Received disconnect from 46.148.41.186 port 60172:11: Bye Bye [preauth]
Jun 02 02:22:19 SmallProjectCOP4331 sshd[4503]: Disconnected from invalid user Sujan 46.148.41.186 port 60172 [preauth]
Jun 02 02:22:22 SmallProjectCOP4331 sshd[4506]: Unable to negotiate with 161.35.229.139 port 37294: no matching key exchange method found. Their offer: diffie-hellman-group14-sha1,diffie-hellman-group-exchange-sha1,diffie-hellman-group1-sha1 [preauth]
Jun 02 02:22:32 SmallProjectCOP4331 sshd[4508]: pam_unix(sshd:auth): authentication failure; logname= uid=0 euid=0 tty=ssh ruser= rhost=146.190.65.27  user=root
Jun 02 02:22:34 SmallProjectCOP4331 sshd[4508]: Failed password for root from 146.190.65.27 port 40332 ssh2
Jun 02 02:22:36 SmallProjectCOP4331 kernel: [UFW BLOCK] IN=eth0 OUT= MAC=da:25:8c:38:c0:c1:fe:00:00:00:01:01:08:00 SRC=104.131.144.19 DST=10.10.0.5 LEN=40 TOS=0x00 PREC=0x00 TTL=247 ID=54321 PROTO=TCP SPT=37768 DPT=8888 WINDOW=65535 RES=0x00 SYN URGP=0 
Jun 02 02:22:36 SmallProjectCOP4331 kernel: [UFW BLOCK] IN=eth0 OUT= MAC=da:25:8c:38:c0:c1:fe:00:00:00:01:01:08:00 SRC=194.26.29.195 DST=10.10.0.5 LEN=40 TOS=0x00 PREC=0x00 TTL=242 ID=31487 PROTO=TCP SPT=53785 DPT=20061 WINDOW=1024 RES=0x00 SYN URGP=0 
Jun 02 02:22:37 SmallProjectCOP4331 kernel: [UFW BLOCK] IN=eth0 OUT= MAC=da:25:8c:38:c0:c1:fe:00:00:00:01:01:08:00 SRC=35.203.210.228 DST=143.198.113.151 LEN=44 TOS=0x00 PREC=0x00 TTL=59 ID=54321 PROTO=TCP SPT=55058 DPT=22380 WINDOW=65535 RES=0x00 SYN URGP=0 
Jun 02 02:22:44 SmallProjectCOP4331 kernel: [UFW BLOCK] IN=eth0 OUT= MAC=da:25:8c:38:c0:c1:fe:00:00:00:01:01:08:00 SRC=167.99.71.79 DST=10.10.0.5 LEN=40 TOS=0x00 PREC=0x00 TTL=235 ID=3525 PROTO=TCP SPT=56643 DPT=27680 WINDOW=1024 RES=0x00 SYN URGP=0 
Jun 02 02:22:50 SmallProjectCOP4331 kernel: [UFW BLOCK] IN=eth0 OUT= MAC=da:25:8c:38:c0:c1:fe:00:00:00:01:01:08:00 SRC=167.94.146.17 DST=143.198.113.151 LEN=44 TOS=0x00 PREC=0x00 TTL=39 ID=2545 PROTO=TCP SPT=52664 DPT=1060 WINDOW=1024 RES=0x00 SYN URGP=0 
Jun 02 02:22:56 SmallProjectCOP4331 sshd[4566]: pam_unix(sshd:auth): authentication failure; logname= uid=0 euid=0 tty=ssh ruser= rhost=218.92.0.34  user=root
Jun 02 02:22:57 SmallProjectCOP4331 kernel: [UFW BLOCK] IN=eth0 OUT= MAC=da:25:8c:38:c0:c1:fe:00:00:00:01:01:08:00 SRC=45.56.85.254 DST=143.198.113.151 LEN=44 TOS=0x00 PREC=0x00 TTL=239 ID=54321 PROTO=TCP SPT=47813 DPT=26 WINDOW=65535 RES=0x00 SYN URGP=0 
Jun 02 02:22:58 SmallProjectCOP4331 sshd[4566]: Failed password for root from 218.92.0.34 port 57443 ssh2
Jun 02 02:22:59 SmallProjectCOP4331 kernel: [UFW BLOCK] IN=eth0 OUT= MAC=da:25:8c:38:c0:c1:fe:00:00:00:01:01:08:00 SRC=95.214.53.134 DST=10.10.0.5 LEN=40 TOS=0x00 PREC=0x00 TTL=240 ID=54321 PROTO=TCP SPT=60983 DPT=8086 WINDOW=65535 RES=0x00 SYN URGP=0 
Jun 02 02:23:00 SmallProjectCOP4331 sshd[4566]: Failed password for root from 218.92.0.34 port 57443 ssh2
Jun 02 02:23:02 SmallProjectCOP4331 kernel: [UFW BLOCK] IN=eth0 OUT= MAC=da:25:8c:38:c0:c1:fe:00:00:00:01:01:08:00 SRC=35.203.211.194 DST=10.10.0.5 LEN=44 TOS=0x00 PREC=0x00 TTL=59 ID=54321 PROTO=TCP SPT=55099 DPT=9470 WINDOW=65535 RES=0x00 SYN URGP=0 
Jun 02 02:23:04 SmallProjectCOP4331 sshd[4566]: Failed password for root from 218.92.0.34 port 57443 ssh2
Jun 02 02:23:05 SmallProjectCOP4331 sshd[4566]: Received disconnect from 218.92.0.34 port 57443:11:  [preauth]
Jun 02 02:23:05 SmallProjectCOP4331 sshd[4566]: Disconnected from authenticating user root 218.92.0.34 port 57443 [preauth]
Jun 02 02:23:05 SmallProjectCOP4331 sshd[4566]: PAM 2 more authentication failures; logname= uid=0 euid=0 tty=ssh ruser= rhost=218.92.0.34  user=root
Jun 02 02:23:09 SmallProjectCOP4331 kernel: [UFW BLOCK] IN=eth0 OUT= MAC=da:25:8c:38:c0:c1:fe:00:00:00:01:01:08:00 SRC=173.230.150.73 DST=10.10.0.5 LEN=44 TOS=0x00 PREC=0x00 TTL=240 ID=54321 PROTO=TCP SPT=34794 DPT=106 WINDOW=65535 RES=0x00 SYN URGP=0 
Jun 02 02:23:13 SmallProjectCOP4331 kernel: [UFW BLOCK] IN=eth0 OUT= MAC=da:25:8c:38:c0:c1:fe:00:00:00:01:01:08:00 SRC=91.148.190.154 DST=143.198.113.151 LEN=40 TOS=0x00 PREC=0x00 TTL=242 ID=18941 PROTO=TCP SPT=40749 DPT=11681 WINDOW=1024 RES=0x00 SYN URGP=0 
Jun 02 02:23:14 SmallProjectCOP4331 sshd[4657]: Unable to negotiate with 161.35.229.139 port 50822: no matching key exchange method found. Their offer: diffie-hellman-group14-sha1,diffie-hellman-group-exchange-sha1,diffie-hellman-group1-sha1 [preauth]
Jun 02 02:23:18 SmallProjectCOP4331 kernel: [UFW BLOCK] IN=eth0 OUT= MAC=da:25:8c:38:c0:c1:fe:00:00:00:01:01:08:00 SRC=185.200.118.67 DST=10.10.0.5 LEN=40 TOS=0x00 PREC=0x00 TTL=242 ID=54321 PROTO=TCP SPT=45920 DPT=3389 WINDOW=65535 RES=0x00 SYN URGP=0 
Jun 02 02:23:19 SmallProjectCOP4331 sshd[4664]: pam_unix(sshd:auth): authentication failure; logname= uid=0 euid=0 tty=ssh ruser= rhost=89.218.94.98  user=root
Jun 02 02:23:20 SmallProjectCOP4331 sshd[4664]: Failed password for root from 89.218.94.98 port 60492 ssh2
Jun 02 02:23:21 SmallProjectCOP4331 sshd[4664]: Received disconnect from 89.218.94.98 port 60492:11: Bye Bye [preauth]
Jun 02 02:23:21 SmallProjectCOP4331 sshd[4664]: Disconnected from authenticating user root 89.218.94.98 port 60492 [preauth]
Jun 02 02:23:25 SmallProjectCOP4331 kernel: [UFW BLOCK] IN=eth0 OUT= MAC=da:25:8c:38:c0:c1:fe:00:00:00:01:01:08:00 SRC=89.248.165.17 DST=10.10.0.5 LEN=40 TOS=0x00 PREC=0x00 TTL=247 ID=49824 PROTO=TCP SPT=42008 DPT=43215 WINDOW=1024 RES=0x00 SYN URGP=0 
Jun 02 02:23:34 SmallProjectCOP4331 sshd[4668]: pam_unix(sshd:auth): authentication failure; logname= uid=0 euid=0 tty=ssh ruser= rhost=218.92.0.34  user=root
Jun 02 02:23:36 SmallProjectCOP4331 sshd[4668]: Failed password for root from 218.92.0.34 port 32020 ssh2
Jun 02 02:23:37 SmallProjectCOP4331 kernel: [UFW BLOCK] IN=eth0 OUT= MAC=da:25:8c:38:c0:c1:fe:00:00:00:01:01:08:00 SRC=108.78.250.140 DST=10.10.0.5 LEN=40 TOS=0x00 PREC=0x00 TTL=50 ID=44549 PROTO=TCP SPT=46847 DPT=23 WINDOW=22543 RES=0x00 SYN URGP=0 
Jun 02 02:23:38 SmallProjectCOP4331 sshd[4668]: Failed password for root from 218.92.0.34 port 32020 ssh2
Jun 02 02:23:41 SmallProjectCOP4331 sshd[4668]: Failed password for root from 218.92.0.34 port 32020 ssh2
Jun 02 02:23:42 SmallProjectCOP4331 sshd[4668]: Received disconnect from 218.92.0.34 port 32020:11:  [preauth]
Jun 02 02:23:42 SmallProjectCOP4331 sshd[4668]: Disconnected from authenticating user root 218.92.0.34 port 32020 [preauth]
Jun 02 02:23:42 SmallProjectCOP4331 sshd[4668]: PAM 2 more authentication failures; logname= uid=0 euid=0 tty=ssh ruser= rhost=218.92.0.34  user=root
Jun 02 02:23:54 SmallProjectCOP4331 sshd[4676]: pam_unix(sshd:auth): authentication failure; logname= uid=0 euid=0 tty=ssh ruser= rhost=218.92.0.56  user=root
Jun 02 02:23:56 SmallProjectCOP4331 sshd[4676]: Failed password for root from 218.92.0.56 port 63672 ssh2
Jun 02 02:23:56 SmallProjectCOP4331 sshd[4666]: Connection reset by 218.92.0.34 port 14637 [preauth]
Jun 02 02:23:57 SmallProjectCOP4331 kernel: [UFW BLOCK] IN=eth0 OUT= MAC=da:25:8c:38:c0:c1:fe:00:00:00:01:01:08:00 SRC=106.75.152.212 DST=10.10.0.5 LEN=44 TOS=0x00 PREC=0x00 TTL=234 ID=13298 PROTO=TCP SPT=58914 DPT=1947 WINDOW=1024 RES=0x00 SYN URGP=0 
Jun 02 02:23:58 SmallProjectCOP4331 sshd[4676]: Failed password for root from 218.92.0.56 port 63672 ssh2
Jun 02 02:24:01 SmallProjectCOP4331 sshd[4676]: Failed password for root from 218.92.0.56 port 63672 ssh2
